[20-Sep-2025 01:52:11 UTC] PHP Warning:  The use statement with non-compound name 'PDO' has no effect in C:\Apache24\htdocs\seramer2\models\SanctionsModel.php on line 4
[20-Sep-2025 01:52:11 UTC] PHP Warning:  The use statement with non-compound name 'PDOException' has no effect in C:\Apache24\htdocs\seramer2\models\SanctionsModel.php on line 5
[20-Sep-2025 01:52:11 UTC] Error al obtener sanciones: SQLSTATE[42S22]: Column not found: 1054 Unknown column 'i.title' in 'SELECT'
[20-Sep-2025 01:52:13 UTC] PHP Warning:  The use statement with non-compound name 'PDO' has no effect in C:\Apache24\htdocs\seramer2\models\SanctionsModel.php on line 4
[20-Sep-2025 01:52:13 UTC] PHP Warning:  The use statement with non-compound name 'PDOException' has no effect in C:\Apache24\htdocs\seramer2\models\SanctionsModel.php on line 5
[20-Sep-2025 01:52:13 UTC] Error al contar infracciones: SQLSTATE[HY093]: Invalid parameter number
[20-Sep-2025 01:52:13 UTC] PHP Warning:  Undefined array key "infraction_id" in C:\Apache24\htdocs\seramer2\views\sanctions\create.php on line 92
[20-Sep-2025 01:52:13 UTC] PHP Warning:  Undefined array key "title" in C:\Apache24\htdocs\seramer2\views\sanctions\create.php on line 93
[20-Sep-2025 01:52:13 UTC] PHP Warning:  Undefined array key "infraction_id" in C:\Apache24\htdocs\seramer2\views\sanctions\create.php on line 92
[20-Sep-2025 01:52:13 UTC] PHP Warning:  Undefined array key "title" in C:\Apache24\htdocs\seramer2\views\sanctions\create.php on line 93
[20-Sep-2025 01:52:13 UTC] PHP Warning:  Trying to access array offset on int in C:\Apache24\htdocs\seramer2\views\sanctions\create.php on line 92
[20-Sep-2025 01:52:13 UTC] PHP Warning:  Trying to access array offset on int in C:\Apache24\htdocs\seramer2\views\sanctions\create.php on line 93
[20-Sep-2025 01:52:13 UTC] PHP Warning:  Trying to access array offset on float in C:\Apache24\htdocs\seramer2\views\sanctions\create.php on line 92
[20-Sep-2025 01:52:13 UTC] PHP Warning:  Trying to access array offset on float in C:\Apache24\htdocs\seramer2\views\sanctions\create.php on line 93
[20-Sep-2025 01:52:13 UTC] PHP Warning:  Trying to access array offset on int in C:\Apache24\htdocs\seramer2\views\sanctions\create.php on line 92
[20-Sep-2025 01:52:13 UTC] PHP Warning:  Trying to access array offset on int in C:\Apache24\htdocs\seramer2\views\sanctions\create.php on line 93
[20-Sep-2025 01:52:13 UTC] PHP Fatal error:  Uncaught TypeError: Cannot access offset of type string on string in C:\Apache24\htdocs\seramer2\views\sanctions\create.php:92
Stack trace:
#0 {main}
  thrown in C:\Apache24\htdocs\seramer2\views\sanctions\create.php on line 92
[20-Sep-2025 01:53:02 UTC] PHP Warning:  The use statement with non-compound name 'PDO' has no effect in C:\Apache24\htdocs\seramer2\models\SanctionsModel.php on line 4
[20-Sep-2025 01:53:02 UTC] PHP Warning:  The use statement with non-compound name 'PDOException' has no effect in C:\Apache24\htdocs\seramer2\models\SanctionsModel.php on line 5
[20-Sep-2025 01:53:02 UTC] Error al contar infracciones: SQLSTATE[HY093]: Invalid parameter number
[20-Sep-2025 01:53:02 UTC] PHP Warning:  Undefined array key "infraction_id" in C:\Apache24\htdocs\seramer2\views\sanctions\create.php on line 92
[20-Sep-2025 01:53:02 UTC] PHP Warning:  Undefined array key "title" in C:\Apache24\htdocs\seramer2\views\sanctions\create.php on line 93
[20-Sep-2025 01:53:02 UTC] PHP Warning:  Undefined array key "infraction_id" in C:\Apache24\htdocs\seramer2\views\sanctions\create.php on line 92
[20-Sep-2025 01:53:02 UTC] PHP Warning:  Undefined array key "title" in C:\Apache24\htdocs\seramer2\views\sanctions\create.php on line 93
[20-Sep-2025 01:53:02 UTC] PHP Warning:  Trying to access array offset on int in C:\Apache24\htdocs\seramer2\views\sanctions\create.php on line 92
[20-Sep-2025 01:53:02 UTC] PHP Warning:  Trying to access array offset on int in C:\Apache24\htdocs\seramer2\views\sanctions\create.php on line 93
[20-Sep-2025 01:53:02 UTC] PHP Warning:  Trying to access array offset on float in C:\Apache24\htdocs\seramer2\views\sanctions\create.php on line 92
[20-Sep-2025 01:53:02 UTC] PHP Warning:  Trying to access array offset on float in C:\Apache24\htdocs\seramer2\views\sanctions\create.php on line 93
[20-Sep-2025 01:53:02 UTC] PHP Warning:  Trying to access array offset on int in C:\Apache24\htdocs\seramer2\views\sanctions\create.php on line 92
[20-Sep-2025 01:53:02 UTC] PHP Warning:  Trying to access array offset on int in C:\Apache24\htdocs\seramer2\views\sanctions\create.php on line 93
[20-Sep-2025 01:53:02 UTC] PHP Fatal error:  Uncaught TypeError: Cannot access offset of type string on string in C:\Apache24\htdocs\seramer2\views\sanctions\create.php:92
Stack trace:
#0 {main}
  thrown in C:\Apache24\htdocs\seramer2\views\sanctions\create.php on line 92
[20-Sep-2025 21:09:44 UTC] PHP Warning:  The use statement with non-compound name 'PDO' has no effect in C:\Apache24\htdocs\seramer2\models\SanctionsModel.php on line 4
[20-Sep-2025 21:09:44 UTC] PHP Warning:  The use statement with non-compound name 'PDOException' has no effect in C:\Apache24\htdocs\seramer2\models\SanctionsModel.php on line 5
[20-Sep-2025 21:09:45 UTC] Error al contar infracciones: SQLSTATE[HY093]: Invalid parameter number
[20-Sep-2025 21:09:45 UTC] PHP Warning:  Undefined array key "infraction_id" in C:\Apache24\htdocs\seramer2\views\sanctions\create.php on line 92
[20-Sep-2025 21:09:45 UTC] PHP Warning:  Undefined array key "title" in C:\Apache24\htdocs\seramer2\views\sanctions\create.php on line 93
[20-Sep-2025 21:09:45 UTC] PHP Warning:  Undefined array key "infraction_id" in C:\Apache24\htdocs\seramer2\views\sanctions\create.php on line 92
[20-Sep-2025 21:09:45 UTC] PHP Warning:  Undefined array key "title" in C:\Apache24\htdocs\seramer2\views\sanctions\create.php on line 93
[20-Sep-2025 21:09:45 UTC] PHP Warning:  Trying to access array offset on int in C:\Apache24\htdocs\seramer2\views\sanctions\create.php on line 92
[20-Sep-2025 21:09:45 UTC] PHP Warning:  Trying to access array offset on int in C:\Apache24\htdocs\seramer2\views\sanctions\create.php on line 93
[20-Sep-2025 21:09:45 UTC] PHP Warning:  Trying to access array offset on float in C:\Apache24\htdocs\seramer2\views\sanctions\create.php on line 92
[20-Sep-2025 21:09:45 UTC] PHP Warning:  Trying to access array offset on float in C:\Apache24\htdocs\seramer2\views\sanctions\create.php on line 93
[20-Sep-2025 21:09:45 UTC] PHP Warning:  Trying to access array offset on int in C:\Apache24\htdocs\seramer2\views\sanctions\create.php on line 92
[20-Sep-2025 21:09:45 UTC] PHP Warning:  Trying to access array offset on int in C:\Apache24\htdocs\seramer2\views\sanctions\create.php on line 93
[20-Sep-2025 21:09:45 UTC] PHP Fatal error:  Uncaught TypeError: Cannot access offset of type string on string in C:\Apache24\htdocs\seramer2\views\sanctions\create.php:92
Stack trace:
#0 {main}
  thrown in C:\Apache24\htdocs\seramer2\views\sanctions\create.php on line 92
[20-Sep-2025 21:15:08 UTC] PHP Warning:  The use statement with non-compound name 'PDO' has no effect in C:\Apache24\htdocs\seramer2\models\SanctionsModel.php on line 4
[20-Sep-2025 21:15:08 UTC] PHP Warning:  The use statement with non-compound name 'PDOException' has no effect in C:\Apache24\htdocs\seramer2\models\SanctionsModel.php on line 5
[20-Sep-2025 21:15:08 UTC] Error al contar infracciones: SQLSTATE[HY093]: Invalid parameter number
[20-Sep-2025 21:15:08 UTC] PHP Warning:  Undefined array key "infraction_id" in C:\Apache24\htdocs\seramer2\views\sanctions\create.php on line 92
[20-Sep-2025 21:15:08 UTC] PHP Warning:  Undefined array key "title" in C:\Apache24\htdocs\seramer2\views\sanctions\create.php on line 93
[20-Sep-2025 21:15:08 UTC] PHP Warning:  Undefined array key "infraction_id" in C:\Apache24\htdocs\seramer2\views\sanctions\create.php on line 92
[20-Sep-2025 21:15:08 UTC] PHP Warning:  Undefined array key "title" in C:\Apache24\htdocs\seramer2\views\sanctions\create.php on line 93
[20-Sep-2025 21:15:08 UTC] PHP Warning:  Trying to access array offset on int in C:\Apache24\htdocs\seramer2\views\sanctions\create.php on line 92
[20-Sep-2025 21:15:08 UTC] PHP Warning:  Trying to access array offset on int in C:\Apache24\htdocs\seramer2\views\sanctions\create.php on line 93
[20-Sep-2025 21:15:08 UTC] PHP Warning:  Trying to access array offset on float in C:\Apache24\htdocs\seramer2\views\sanctions\create.php on line 92
[20-Sep-2025 21:15:08 UTC] PHP Warning:  Trying to access array offset on float in C:\Apache24\htdocs\seramer2\views\sanctions\create.php on line 93
[20-Sep-2025 21:15:08 UTC] PHP Warning:  Trying to access array offset on int in C:\Apache24\htdocs\seramer2\views\sanctions\create.php on line 92
[20-Sep-2025 21:15:08 UTC] PHP Warning:  Trying to access array offset on int in C:\Apache24\htdocs\seramer2\views\sanctions\create.php on line 93
[20-Sep-2025 21:15:08 UTC] PHP Fatal error:  Uncaught TypeError: Cannot access offset of type string on string in C:\Apache24\htdocs\seramer2\views\sanctions\create.php:92
Stack trace:
#0 {main}
  thrown in C:\Apache24\htdocs\seramer2\views\sanctions\create.php on line 92
[20-Sep-2025 21:21:21 UTC] PHP Warning:  The use statement with non-compound name 'PDO' has no effect in C:\Apache24\htdocs\seramer2\models\SanctionsModel.php on line 4
[20-Sep-2025 21:21:21 UTC] PHP Warning:  The use statement with non-compound name 'PDOException' has no effect in C:\Apache24\htdocs\seramer2\models\SanctionsModel.php on line 5
[20-Sep-2025 21:21:21 UTC] Error al contar infracciones: SQLSTATE[HY093]: Invalid parameter number
[20-Sep-2025 21:21:21 UTC] PHP Warning:  Undefined array key "infraction_id" in C:\Apache24\htdocs\seramer2\views\sanctions\create.php on line 92
[20-Sep-2025 21:21:21 UTC] PHP Warning:  Undefined array key "infraction_description" in C:\Apache24\htdocs\seramer2\views\sanctions\create.php on line 93
[20-Sep-2025 21:21:21 UTC] PHP Warning:  Undefined array key "infraction_id" in C:\Apache24\htdocs\seramer2\views\sanctions\create.php on line 92
[20-Sep-2025 21:21:21 UTC] PHP Warning:  Undefined array key "infraction_description" in C:\Apache24\htdocs\seramer2\views\sanctions\create.php on line 93
[20-Sep-2025 21:21:21 UTC] PHP Warning:  Trying to access array offset on int in C:\Apache24\htdocs\seramer2\views\sanctions\create.php on line 92
[20-Sep-2025 21:21:21 UTC] PHP Warning:  Trying to access array offset on int in C:\Apache24\htdocs\seramer2\views\sanctions\create.php on line 93
[20-Sep-2025 21:21:21 UTC] PHP Warning:  Trying to access array offset on float in C:\Apache24\htdocs\seramer2\views\sanctions\create.php on line 92
[20-Sep-2025 21:21:21 UTC] PHP Warning:  Trying to access array offset on float in C:\Apache24\htdocs\seramer2\views\sanctions\create.php on line 93
[20-Sep-2025 21:21:21 UTC] PHP Warning:  Trying to access array offset on int in C:\Apache24\htdocs\seramer2\views\sanctions\create.php on line 92
[20-Sep-2025 21:21:21 UTC] PHP Warning:  Trying to access array offset on int in C:\Apache24\htdocs\seramer2\views\sanctions\create.php on line 93
[20-Sep-2025 21:21:21 UTC] PHP Fatal error:  Uncaught TypeError: Cannot access offset of type string on string in C:\Apache24\htdocs\seramer2\views\sanctions\create.php:92
Stack trace:
#0 {main}
  thrown in C:\Apache24\htdocs\seramer2\views\sanctions\create.php on line 92
[20-Sep-2025 21:23:49 UTC] PHP Warning:  The use statement with non-compound name 'PDO' has no effect in C:\Apache24\htdocs\seramer2\models\SanctionsModel.php on line 4
[20-Sep-2025 21:23:49 UTC] PHP Warning:  The use statement with non-compound name 'PDOException' has no effect in C:\Apache24\htdocs\seramer2\models\SanctionsModel.php on line 5
[20-Sep-2025 21:23:49 UTC] Error al contar infracciones: SQLSTATE[HY093]: Invalid parameter number
[20-Sep-2025 21:23:49 UTC] PHP Warning:  Undefined array key "sanction_type_id" in C:\Apache24\htdocs\seramer2\views\sanctions\create.php on line 103
[20-Sep-2025 21:23:49 UTC] PHP Warning:  Undefined array key "type_name" in C:\Apache24\htdocs\seramer2\views\sanctions\create.php on line 104
[20-Sep-2025 21:23:49 UTC] PHP Warning:  Trying to access array offset on int in C:\Apache24\htdocs\seramer2\views\sanctions\create.php on line 103
[20-Sep-2025 21:23:49 UTC] PHP Warning:  Trying to access array offset on int in C:\Apache24\htdocs\seramer2\views\sanctions\create.php on line 104
[20-Sep-2025 21:23:49 UTC] PHP Warning:  Trying to access array offset on int in C:\Apache24\htdocs\seramer2\views\sanctions\create.php on line 103
[20-Sep-2025 21:23:49 UTC] PHP Warning:  Trying to access array offset on int in C:\Apache24\htdocs\seramer2\views\sanctions\create.php on line 104
[20-Sep-2025 21:23:49 UTC] PHP Warning:  Trying to access array offset on int in C:\Apache24\htdocs\seramer2\views\sanctions\create.php on line 103
[20-Sep-2025 21:23:49 UTC] PHP Warning:  Trying to access array offset on int in C:\Apache24\htdocs\seramer2\views\sanctions\create.php on line 104
[20-Sep-2025 21:23:49 UTC] PHP Fatal error:  Uncaught TypeError: Cannot access offset of type string on string in C:\Apache24\htdocs\seramer2\views\sanctions\create.php:103
Stack trace:
#0 {main}
  thrown in C:\Apache24\htdocs\seramer2\views\sanctions\create.php on line 103
[20-Sep-2025 22:10:36 UTC] PHP Warning:  The use statement with non-compound name 'PDO' has no effect in C:\Apache24\htdocs\seramer2\models\SanctionsModel.php on line 4
[20-Sep-2025 22:10:36 UTC] PHP Warning:  The use statement with non-compound name 'PDOException' has no effect in C:\Apache24\htdocs\seramer2\models\SanctionsModel.php on line 5
[20-Sep-2025 22:10:37 UTC] Error al contar infracciones: SQLSTATE[HY093]: Invalid parameter number
[20-Sep-2025 22:10:37 UTC] PHP Warning:  Undefined array key "type_name" in C:\Apache24\htdocs\seramer2\views\sanctions\create.php on line 104
[20-Sep-2025 22:11:21 UTC] PHP Warning:  The use statement with non-compound name 'PDO' has no effect in C:\Apache24\htdocs\seramer2\models\SanctionsModel.php on line 4
[20-Sep-2025 22:11:21 UTC] PHP Warning:  The use statement with non-compound name 'PDOException' has no effect in C:\Apache24\htdocs\seramer2\models\SanctionsModel.php on line 5
[20-Sep-2025 22:11:21 UTC] Error al contar infracciones: SQLSTATE[HY093]: Invalid parameter number
[21-Sep-2025 00:27:23 UTC] PHP Warning:  The use statement with non-compound name 'PDO' has no effect in C:\Apache24\htdocs\seramer2\models\SanctionsModel.php on line 4
[21-Sep-2025 00:27:23 UTC] PHP Warning:  The use statement with non-compound name 'PDOException' has no effect in C:\Apache24\htdocs\seramer2\models\SanctionsModel.php on line 5
[21-Sep-2025 00:27:23 UTC] Error al contar infracciones: SQLSTATE[HY093]: Invalid parameter number
[21-Sep-2025 00:27:52 UTC] PHP Warning:  The use statement with non-compound name 'PDO' has no effect in C:\Apache24\htdocs\seramer2\models\SanctionsModel.php on line 4
[21-Sep-2025 00:27:52 UTC] PHP Warning:  The use statement with non-compound name 'PDOException' has no effect in C:\Apache24\htdocs\seramer2\models\SanctionsModel.php on line 5
[21-Sep-2025 00:27:52 UTC] PHP Warning:  The use statement with non-compound name 'PDO' has no effect in C:\Apache24\htdocs\seramer2\models\SanctionsModel.php on line 4
[21-Sep-2025 00:27:52 UTC] PHP Warning:  The use statement with non-compound name 'PDOException' has no effect in C:\Apache24\htdocs\seramer2\models\SanctionsModel.php on line 5
[21-Sep-2025 00:27:52 UTC] Error al obtener sanciones: SQLSTATE[42S22]: Column not found: 1054 Unknown column 'i.title' in 'SELECT'
[21-Sep-2025 00:28:13 UTC] PHP Warning:  The use statement with non-compound name 'PDO' has no effect in C:\Apache24\htdocs\seramer2\models\SanctionsModel.php on line 4
[21-Sep-2025 00:28:13 UTC] PHP Warning:  The use statement with non-compound name 'PDOException' has no effect in C:\Apache24\htdocs\seramer2\models\SanctionsModel.php on line 5
[21-Sep-2025 00:28:13 UTC] Error al obtener sanciones: SQLSTATE[42S22]: Column not found: 1054 Unknown column 'i.title' in 'SELECT'
[21-Sep-2025 00:28:24 UTC] PHP Warning:  The use statement with non-compound name 'PDO' has no effect in C:\Apache24\htdocs\seramer2\models\SanctionsModel.php on line 4
[21-Sep-2025 00:28:24 UTC] PHP Warning:  The use statement with non-compound name 'PDOException' has no effect in C:\Apache24\htdocs\seramer2\models\SanctionsModel.php on line 5
[21-Sep-2025 00:28:24 UTC] Error al obtener sanciones: SQLSTATE[42S22]: Column not found: 1054 Unknown column 'i.title' in 'SELECT'
[21-Sep-2025 00:35:32 UTC] PHP Warning:  The use statement with non-compound name 'PDO' has no effect in C:\Apache24\htdocs\seramer2\models\SanctionsModel.php on line 4
[21-Sep-2025 00:35:32 UTC] PHP Warning:  The use statement with non-compound name 'PDOException' has no effect in C:\Apache24\htdocs\seramer2\models\SanctionsModel.php on line 5
[21-Sep-2025 00:35:32 UTC] Error al contar infracciones: SQLSTATE[HY093]: Invalid parameter number
[21-Sep-2025 00:36:12 UTC] PHP Warning:  The use statement with non-compound name 'PDO' has no effect in C:\Apache24\htdocs\seramer2\models\SanctionsModel.php on line 4
[21-Sep-2025 00:36:12 UTC] PHP Warning:  The use statement with non-compound name 'PDOException' has no effect in C:\Apache24\htdocs\seramer2\models\SanctionsModel.php on line 5
[21-Sep-2025 00:36:12 UTC] Error al crear sanción: SQLSTATE[23000]: Integrity constraint violation: 1062 Duplicate entry '4' for key 'infraction_id'
[21-Sep-2025 00:36:12 UTC] Error al contar infracciones: SQLSTATE[HY093]: Invalid parameter number
[21-Sep-2025 00:46:13 UTC] Error al contar infracciones: SQLSTATE[HY093]: Invalid parameter number
[21-Sep-2025 00:46:33 UTC] Error al crear sanción: SQLSTATE[23000]: Integrity constraint violation: 1062 Duplicate entry '4' for key 'infraction_id'
[21-Sep-2025 00:46:33 UTC] Error al obtener sanciones: SQLSTATE[42S22]: Column not found: 1054 Unknown column 'i.title' in 'SELECT'
[21-Sep-2025 00:48:19 UTC] Error al obtener sanciones: SQLSTATE[42S22]: Column not found: 1054 Unknown column 'i.infraction_name' in 'SELECT'
[21-Sep-2025 00:48:21 UTC] Error al obtener sanciones: SQLSTATE[42S22]: Column not found: 1054 Unknown column 'i.infraction_name' in 'SELECT'
[21-Sep-2025 00:48:26 UTC] Error al obtener sanciones: SQLSTATE[42S22]: Column not found: 1054 Unknown column 'i.infraction_name' in 'SELECT'
[21-Sep-2025 00:52:50 UTC] Error al obtener sanciones: SQLSTATE[42S22]: Column not found: 1054 Unknown column 's.status_logical' in 'WHERE'
[21-Sep-2025 00:53:09 UTC] PHP Warning:  Undefined array key "infraction_title" in C:\Apache24\htdocs\seramer2\views\sanctions\index.php on line 67
[21-Sep-2025 00:55:59 UTC] PHP Warning:  Undefined array key "infraction_title" in C:\Apache24\htdocs\seramer2\views\sanctions\index.php on line 74
[21-Sep-2025 00:56:03 UTC] PHP Fatal error:  Uncaught Error: Call to undefined method SanctionsController::view() in C:\Apache24\htdocs\seramer2\views\sanctions\view.php:24
Stack trace:
#0 {main}
  thrown in C:\Apache24\htdocs\seramer2\views\sanctions\view.php on line 24
[21-Sep-2025 00:56:07 UTC] PHP Warning:  Undefined array key "success" in C:\Apache24\htdocs\seramer2\views\sanctions\edit.php on line 72
[21-Sep-2025 00:56:07 UTC] PHP Warning:  Undefined array key "message" in C:\Apache24\htdocs\seramer2\views\sanctions\edit.php on line 75
[21-Sep-2025 00:56:07 UTC] PHP Warning:  Undefined array key "infraction_title" in C:\Apache24\htdocs\seramer2\views\sanctions\index.php on line 74
[21-Sep-2025 00:56:10 UTC] PHP Warning:  Undefined array key "success" in C:\Apache24\htdocs\seramer2\views\sanctions\edit.php on line 72
[21-Sep-2025 00:56:10 UTC] PHP Warning:  Undefined array key "message" in C:\Apache24\htdocs\seramer2\views\sanctions\edit.php on line 75
[21-Sep-2025 00:56:10 UTC] PHP Warning:  Undefined array key "infraction_title" in C:\Apache24\htdocs\seramer2\views\sanctions\index.php on line 74
[21-Sep-2025 00:56:12 UTC] PHP Fatal error:  Uncaught Error: Call to undefined method SanctionsController::view() in C:\Apache24\htdocs\seramer2\views\sanctions\view.php:24
Stack trace:
#0 {main}
  thrown in C:\Apache24\htdocs\seramer2\views\sanctions\view.php on line 24
[21-Sep-2025 00:56:18 UTC] Error al contar infracciones: SQLSTATE[HY093]: Invalid parameter number
[21-Sep-2025 00:56:21 UTC] PHP Warning:  Undefined array key "infraction_title" in C:\Apache24\htdocs\seramer2\views\sanctions\index.php on line 74
[21-Sep-2025 01:00:36 UTC] PHP Warning:  Undefined array key "success" in C:\Apache24\htdocs\seramer2\views\sanctions\view.php on line 27
[21-Sep-2025 01:00:36 UTC] PHP Warning:  Undefined array key "message" in C:\Apache24\htdocs\seramer2\views\sanctions\view.php on line 30
[21-Sep-2025 01:00:38 UTC] PHP Warning:  Undefined array key "success" in C:\Apache24\htdocs\seramer2\views\sanctions\view.php on line 27
[21-Sep-2025 01:00:38 UTC] PHP Warning:  Undefined array key "message" in C:\Apache24\htdocs\seramer2\views\sanctions\view.php on line 30
[21-Sep-2025 01:07:03 UTC] PHP Warning:  Undefined array key "success" in C:\Apache24\htdocs\seramer2\views\sanctions\view.php on line 27
[21-Sep-2025 01:07:03 UTC] PHP Warning:  Undefined array key "message" in C:\Apache24\htdocs\seramer2\views\sanctions\view.php on line 30
[21-Sep-2025 01:07:07 UTC] PHP Warning:  Undefined array key "success" in C:\Apache24\htdocs\seramer2\views\sanctions\view.php on line 27
[21-Sep-2025 01:07:07 UTC] PHP Warning:  Undefined array key "message" in C:\Apache24\htdocs\seramer2\views\sanctions\view.php on line 30
[21-Sep-2025 01:12:12 UTC] PHP Warning:  Undefined array key "infraction_title" in C:\Apache24\htdocs\seramer2\views\sanctions\view.php on line 91
[21-Sep-2025 01:13:26 UTC] PHP Warning:  Undefined array key "infraction_title" in C:\Apache24\htdocs\seramer2\views\sanctions\view.php on line 98
[21-Sep-2025 01:14:01 UTC] PHP Warning:  Undefined array key "success" in C:\Apache24\htdocs\seramer2\views\sanctions\edit.php on line 72
[21-Sep-2025 01:14:01 UTC] PHP Warning:  Undefined array key "message" in C:\Apache24\htdocs\seramer2\views\sanctions\edit.php on line 75
[21-Sep-2025 01:15:31 UTC] PHP Warning:  Undefined array key "success" in C:\Apache24\htdocs\seramer2\views\sanctions\edit.php on line 72
[21-Sep-2025 01:15:31 UTC] PHP Warning:  Undefined array key "message" in C:\Apache24\htdocs\seramer2\views\sanctions\edit.php on line 75
[21-Sep-2025 01:15:34 UTC] PHP Warning:  Undefined array key "success" in C:\Apache24\htdocs\seramer2\views\sanctions\edit.php on line 72
[21-Sep-2025 01:15:34 UTC] PHP Warning:  Undefined array key "message" in C:\Apache24\htdocs\seramer2\views\sanctions\edit.php on line 75
[21-Sep-2025 01:16:02 UTC] Error al contar infracciones: SQLSTATE[HY093]: Invalid parameter number
[21-Sep-2025 01:16:02 UTC] PHP Warning:  Undefined array key "infraction_id" in C:\Apache24\htdocs\seramer2\views\sanctions\edit.php on line 125
[21-Sep-2025 01:16:02 UTC] PHP Warning:  Undefined array key "infraction_id" in C:\Apache24\htdocs\seramer2\views\sanctions\edit.php on line 126
[21-Sep-2025 01:16:02 UTC] PHP Warning:  Undefined array key "title" in C:\Apache24\htdocs\seramer2\views\sanctions\edit.php on line 127
[21-Sep-2025 01:16:02 UTC] PHP Warning:  Undefined array key "infraction_id" in C:\Apache24\htdocs\seramer2\views\sanctions\edit.php on line 125
[21-Sep-2025 01:16:02 UTC] PHP Warning:  Undefined array key "infraction_id" in C:\Apache24\htdocs\seramer2\views\sanctions\edit.php on line 126
[21-Sep-2025 01:16:02 UTC] PHP Warning:  Undefined array key "title" in C:\Apache24\htdocs\seramer2\views\sanctions\edit.php on line 127
[21-Sep-2025 01:16:02 UTC] PHP Warning:  Trying to access array offset on int in C:\Apache24\htdocs\seramer2\views\sanctions\edit.php on line 125
[21-Sep-2025 01:16:02 UTC] PHP Warning:  Trying to access array offset on int in C:\Apache24\htdocs\seramer2\views\sanctions\edit.php on line 126
[21-Sep-2025 01:16:02 UTC] PHP Warning:  Trying to access array offset on int in C:\Apache24\htdocs\seramer2\views\sanctions\edit.php on line 127
[21-Sep-2025 01:16:02 UTC] PHP Warning:  Trying to access array offset on float in C:\Apache24\htdocs\seramer2\views\sanctions\edit.php on line 125
[21-Sep-2025 01:16:02 UTC] PHP Warning:  Trying to access array offset on float in C:\Apache24\htdocs\seramer2\views\sanctions\edit.php on line 126
[21-Sep-2025 01:16:02 UTC] PHP Warning:  Trying to access array offset on float in C:\Apache24\htdocs\seramer2\views\sanctions\edit.php on line 127
[21-Sep-2025 01:16:02 UTC] PHP Warning:  Trying to access array offset on int in C:\Apache24\htdocs\seramer2\views\sanctions\edit.php on line 125
[21-Sep-2025 01:16:02 UTC] PHP Warning:  Trying to access array offset on int in C:\Apache24\htdocs\seramer2\views\sanctions\edit.php on line 126
[21-Sep-2025 01:16:02 UTC] PHP Warning:  Trying to access array offset on int in C:\Apache24\htdocs\seramer2\views\sanctions\edit.php on line 127
[21-Sep-2025 01:16:02 UTC] PHP Fatal error:  Uncaught TypeError: Cannot access offset of type string on string in C:\Apache24\htdocs\seramer2\views\sanctions\edit.php:125
Stack trace:
#0 {main}
  thrown in C:\Apache24\htdocs\seramer2\views\sanctions\edit.php on line 125
[21-Sep-2025 01:18:17 UTC] PHP Warning:  Undefined array key "sanction" in C:\Apache24\htdocs\seramer2\views\sanctions\edit.php on line 80
[21-Sep-2025 01:18:17 UTC] Error al contar infracciones: SQLSTATE[HY093]: Invalid parameter number
[21-Sep-2025 01:18:17 UTC] PHP Warning:  Trying to access array offset on null in C:\Apache24\htdocs\seramer2\views\sanctions\edit.php on line 117
[21-Sep-2025 01:18:17 UTC] PHP Warning:  Trying to access array offset on null in C:\Apache24\htdocs\seramer2\views\sanctions\edit.php on line 118
[21-Sep-2025 01:18:17 UTC] PHP Warning:  Undefined array key "infraction_id" in C:\Apache24\htdocs\seramer2\views\sanctions\edit.php on line 125
[21-Sep-2025 01:18:17 UTC] PHP Warning:  Undefined array key "infraction_id" in C:\Apache24\htdocs\seramer2\views\sanctions\edit.php on line 126
[21-Sep-2025 01:18:17 UTC] PHP Warning:  Trying to access array offset on null in C:\Apache24\htdocs\seramer2\views\sanctions\edit.php on line 126
[21-Sep-2025 01:18:17 UTC] PHP Warning:  Undefined array key "title" in C:\Apache24\htdocs\seramer2\views\sanctions\edit.php on line 127
[21-Sep-2025 01:18:17 UTC] PHP Warning:  Undefined array key "infraction_id" in C:\Apache24\htdocs\seramer2\views\sanctions\edit.php on line 125
[21-Sep-2025 01:18:17 UTC] PHP Warning:  Undefined array key "infraction_id" in C:\Apache24\htdocs\seramer2\views\sanctions\edit.php on line 126
[21-Sep-2025 01:18:17 UTC] PHP Warning:  Trying to access array offset on null in C:\Apache24\htdocs\seramer2\views\sanctions\edit.php on line 126
[21-Sep-2025 01:18:17 UTC] PHP Warning:  Undefined array key "title" in C:\Apache24\htdocs\seramer2\views\sanctions\edit.php on line 127
[21-Sep-2025 01:18:17 UTC] PHP Warning:  Trying to access array offset on int in C:\Apache24\htdocs\seramer2\views\sanctions\edit.php on line 125
[21-Sep-2025 01:18:17 UTC] PHP Warning:  Trying to access array offset on int in C:\Apache24\htdocs\seramer2\views\sanctions\edit.php on line 126
[21-Sep-2025 01:18:17 UTC] PHP Warning:  Trying to access array offset on null in C:\Apache24\htdocs\seramer2\views\sanctions\edit.php on line 126
[21-Sep-2025 01:18:17 UTC] PHP Warning:  Trying to access array offset on int in C:\Apache24\htdocs\seramer2\views\sanctions\edit.php on line 127
[21-Sep-2025 01:18:17 UTC] PHP Warning:  Trying to access array offset on float in C:\Apache24\htdocs\seramer2\views\sanctions\edit.php on line 125
[21-Sep-2025 01:18:17 UTC] PHP Warning:  Trying to access array offset on float in C:\Apache24\htdocs\seramer2\views\sanctions\edit.php on line 126
[21-Sep-2025 01:18:17 UTC] PHP Warning:  Trying to access array offset on null in C:\Apache24\htdocs\seramer2\views\sanctions\edit.php on line 126
[21-Sep-2025 01:18:17 UTC] PHP Warning:  Trying to access array offset on float in C:\Apache24\htdocs\seramer2\views\sanctions\edit.php on line 127
[21-Sep-2025 01:18:17 UTC] PHP Warning:  Trying to access array offset on int in C:\Apache24\htdocs\seramer2\views\sanctions\edit.php on line 125
[21-Sep-2025 01:18:17 UTC] PHP Warning:  Trying to access array offset on int in C:\Apache24\htdocs\seramer2\views\sanctions\edit.php on line 126
[21-Sep-2025 01:18:17 UTC] PHP Warning:  Trying to access array offset on null in C:\Apache24\htdocs\seramer2\views\sanctions\edit.php on line 126
[21-Sep-2025 01:18:17 UTC] PHP Warning:  Trying to access array offset on int in C:\Apache24\htdocs\seramer2\views\sanctions\edit.php on line 127
[21-Sep-2025 01:18:17 UTC] PHP Fatal error:  Uncaught TypeError: Cannot access offset of type string on string in C:\Apache24\htdocs\seramer2\views\sanctions\edit.php:125
Stack trace:
#0 {main}
  thrown in C:\Apache24\htdocs\seramer2\views\sanctions\edit.php on line 125
[21-Sep-2025 01:18:20 UTC] PHP Warning:  Undefined array key "sanction" in C:\Apache24\htdocs\seramer2\views\sanctions\edit.php on line 80
[21-Sep-2025 01:18:20 UTC] Error al contar infracciones: SQLSTATE[HY093]: Invalid parameter number
[21-Sep-2025 01:18:20 UTC] PHP Warning:  Trying to access array offset on null in C:\Apache24\htdocs\seramer2\views\sanctions\edit.php on line 117
[21-Sep-2025 01:18:20 UTC] PHP Warning:  Trying to access array offset on null in C:\Apache24\htdocs\seramer2\views\sanctions\edit.php on line 118
[21-Sep-2025 01:18:20 UTC] PHP Warning:  Undefined array key "infraction_id" in C:\Apache24\htdocs\seramer2\views\sanctions\edit.php on line 125
[21-Sep-2025 01:18:20 UTC] PHP Warning:  Undefined array key "infraction_id" in C:\Apache24\htdocs\seramer2\views\sanctions\edit.php on line 126
[21-Sep-2025 01:18:20 UTC] PHP Warning:  Trying to access array offset on null in C:\Apache24\htdocs\seramer2\views\sanctions\edit.php on line 126
[21-Sep-2025 01:18:20 UTC] PHP Warning:  Undefined array key "title" in C:\Apache24\htdocs\seramer2\views\sanctions\edit.php on line 127
[21-Sep-2025 01:18:20 UTC] PHP Warning:  Undefined array key "infraction_id" in C:\Apache24\htdocs\seramer2\views\sanctions\edit.php on line 125
[21-Sep-2025 01:18:20 UTC] PHP Warning:  Undefined array key "infraction_id" in C:\Apache24\htdocs\seramer2\views\sanctions\edit.php on line 126
[21-Sep-2025 01:18:20 UTC] PHP Warning:  Trying to access array offset on null in C:\Apache24\htdocs\seramer2\views\sanctions\edit.php on line 126
[21-Sep-2025 01:18:20 UTC] PHP Warning:  Undefined array key "title" in C:\Apache24\htdocs\seramer2\views\sanctions\edit.php on line 127
[21-Sep-2025 01:18:20 UTC] PHP Warning:  Trying to access array offset on int in C:\Apache24\htdocs\seramer2\views\sanctions\edit.php on line 125
[21-Sep-2025 01:18:20 UTC] PHP Warning:  Trying to access array offset on int in C:\Apache24\htdocs\seramer2\views\sanctions\edit.php on line 126
[21-Sep-2025 01:18:20 UTC] PHP Warning:  Trying to access array offset on null in C:\Apache24\htdocs\seramer2\views\sanctions\edit.php on line 126
[21-Sep-2025 01:18:20 UTC] PHP Warning:  Trying to access array offset on int in C:\Apache24\htdocs\seramer2\views\sanctions\edit.php on line 127
[21-Sep-2025 01:18:20 UTC] PHP Warning:  Trying to access array offset on float in C:\Apache24\htdocs\seramer2\views\sanctions\edit.php on line 125
[21-Sep-2025 01:18:20 UTC] PHP Warning:  Trying to access array offset on float in C:\Apache24\htdocs\seramer2\views\sanctions\edit.php on line 126
[21-Sep-2025 01:18:20 UTC] PHP Warning:  Trying to access array offset on null in C:\Apache24\htdocs\seramer2\views\sanctions\edit.php on line 126
[21-Sep-2025 01:18:20 UTC] PHP Warning:  Trying to access array offset on float in C:\Apache24\htdocs\seramer2\views\sanctions\edit.php on line 127
[21-Sep-2025 01:18:20 UTC] PHP Warning:  Trying to access array offset on int in C:\Apache24\htdocs\seramer2\views\sanctions\edit.php on line 125
[21-Sep-2025 01:18:20 UTC] PHP Warning:  Trying to access array offset on int in C:\Apache24\htdocs\seramer2\views\sanctions\edit.php on line 126
[21-Sep-2025 01:18:20 UTC] PHP Warning:  Trying to access array offset on null in C:\Apache24\htdocs\seramer2\views\sanctions\edit.php on line 126
[21-Sep-2025 01:18:20 UTC] PHP Warning:  Trying to access array offset on int in C:\Apache24\htdocs\seramer2\views\sanctions\edit.php on line 127
[21-Sep-2025 01:18:20 UTC] PHP Fatal error:  Uncaught TypeError: Cannot access offset of type string on string in C:\Apache24\htdocs\seramer2\views\sanctions\edit.php:125
Stack trace:
#0 {main}
  thrown in C:\Apache24\htdocs\seramer2\views\sanctions\edit.php on line 125
[21-Sep-2025 01:19:06 UTC] PHP Warning:  Undefined array key "sanction" in C:\Apache24\htdocs\seramer2\views\sanctions\edit.php on line 80
[21-Sep-2025 01:19:06 UTC] Error al contar infracciones: SQLSTATE[HY093]: Invalid parameter number
[21-Sep-2025 01:19:06 UTC] PHP Warning:  Trying to access array offset on null in C:\Apache24\htdocs\seramer2\views\sanctions\edit.php on line 117
[21-Sep-2025 01:19:06 UTC] PHP Warning:  Trying to access array offset on null in C:\Apache24\htdocs\seramer2\views\sanctions\edit.php on line 118
[21-Sep-2025 01:19:06 UTC] PHP Warning:  Undefined array key "infraction_id" in C:\Apache24\htdocs\seramer2\views\sanctions\edit.php on line 125
[21-Sep-2025 01:19:06 UTC] PHP Warning:  Undefined array key "infraction_id" in C:\Apache24\htdocs\seramer2\views\sanctions\edit.php on line 126
[21-Sep-2025 01:19:06 UTC] PHP Warning:  Trying to access array offset on null in C:\Apache24\htdocs\seramer2\views\sanctions\edit.php on line 126
[21-Sep-2025 01:19:06 UTC] PHP Warning:  Undefined array key "title" in C:\Apache24\htdocs\seramer2\views\sanctions\edit.php on line 127
[21-Sep-2025 01:19:06 UTC] PHP Warning:  Undefined array key "infraction_id" in C:\Apache24\htdocs\seramer2\views\sanctions\edit.php on line 125
[21-Sep-2025 01:19:06 UTC] PHP Warning:  Undefined array key "infraction_id" in C:\Apache24\htdocs\seramer2\views\sanctions\edit.php on line 126
[21-Sep-2025 01:19:06 UTC] PHP Warning:  Trying to access array offset on null in C:\Apache24\htdocs\seramer2\views\sanctions\edit.php on line 126
[21-Sep-2025 01:19:06 UTC] PHP Warning:  Undefined array key "title" in C:\Apache24\htdocs\seramer2\views\sanctions\edit.php on line 127
[21-Sep-2025 01:19:06 UTC] PHP Warning:  Trying to access array offset on int in C:\Apache24\htdocs\seramer2\views\sanctions\edit.php on line 125
[21-Sep-2025 01:19:06 UTC] PHP Warning:  Trying to access array offset on int in C:\Apache24\htdocs\seramer2\views\sanctions\edit.php on line 126
[21-Sep-2025 01:19:06 UTC] PHP Warning:  Trying to access array offset on null in C:\Apache24\htdocs\seramer2\views\sanctions\edit.php on line 126
[21-Sep-2025 01:19:06 UTC] PHP Warning:  Trying to access array offset on int in C:\Apache24\htdocs\seramer2\views\sanctions\edit.php on line 127
[21-Sep-2025 01:19:06 UTC] PHP Warning:  Trying to access array offset on float in C:\Apache24\htdocs\seramer2\views\sanctions\edit.php on line 125
[21-Sep-2025 01:19:06 UTC] PHP Warning:  Trying to access array offset on float in C:\Apache24\htdocs\seramer2\views\sanctions\edit.php on line 126
[21-Sep-2025 01:19:06 UTC] PHP Warning:  Trying to access array offset on null in C:\Apache24\htdocs\seramer2\views\sanctions\edit.php on line 126
[21-Sep-2025 01:19:06 UTC] PHP Warning:  Trying to access array offset on float in C:\Apache24\htdocs\seramer2\views\sanctions\edit.php on line 127
[21-Sep-2025 01:19:06 UTC] PHP Warning:  Trying to access array offset on int in C:\Apache24\htdocs\seramer2\views\sanctions\edit.php on line 125
[21-Sep-2025 01:19:06 UTC] PHP Warning:  Trying to access array offset on int in C:\Apache24\htdocs\seramer2\views\sanctions\edit.php on line 126
[21-Sep-2025 01:19:06 UTC] PHP Warning:  Trying to access array offset on null in C:\Apache24\htdocs\seramer2\views\sanctions\edit.php on line 126
[21-Sep-2025 01:19:06 UTC] PHP Warning:  Trying to access array offset on int in C:\Apache24\htdocs\seramer2\views\sanctions\edit.php on line 127
[21-Sep-2025 01:19:06 UTC] PHP Fatal error:  Uncaught TypeError: Cannot access offset of type string on string in C:\Apache24\htdocs\seramer2\views\sanctions\edit.php:125
Stack trace:
#0 {main}
  thrown in C:\Apache24\htdocs\seramer2\views\sanctions\edit.php on line 125
[21-Sep-2025 01:19:26 UTC] Error al contar infracciones: SQLSTATE[HY093]: Invalid parameter number
[21-Sep-2025 01:19:26 UTC] PHP Warning:  Undefined array key "infraction_id" in C:\Apache24\htdocs\seramer2\views\sanctions\edit.php on line 125
[21-Sep-2025 01:19:26 UTC] PHP Warning:  Undefined array key "infraction_id" in C:\Apache24\htdocs\seramer2\views\sanctions\edit.php on line 126
[21-Sep-2025 01:19:26 UTC] PHP Warning:  Undefined array key "title" in C:\Apache24\htdocs\seramer2\views\sanctions\edit.php on line 127
[21-Sep-2025 01:19:26 UTC] PHP Warning:  Undefined array key "infraction_id" in C:\Apache24\htdocs\seramer2\views\sanctions\edit.php on line 125
[21-Sep-2025 01:19:26 UTC] PHP Warning:  Undefined array key "infraction_id" in C:\Apache24\htdocs\seramer2\views\sanctions\edit.php on line 126
[21-Sep-2025 01:19:26 UTC] PHP Warning:  Undefined array key "title" in C:\Apache24\htdocs\seramer2\views\sanctions\edit.php on line 127
[21-Sep-2025 01:19:26 UTC] PHP Warning:  Trying to access array offset on int in C:\Apache24\htdocs\seramer2\views\sanctions\edit.php on line 125
[21-Sep-2025 01:19:26 UTC] PHP Warning:  Trying to access array offset on int in C:\Apache24\htdocs\seramer2\views\sanctions\edit.php on line 126
[21-Sep-2025 01:19:26 UTC] PHP Warning:  Trying to access array offset on int in C:\Apache24\htdocs\seramer2\views\sanctions\edit.php on line 127
[21-Sep-2025 01:19:26 UTC] PHP Warning:  Trying to access array offset on float in C:\Apache24\htdocs\seramer2\views\sanctions\edit.php on line 125
[21-Sep-2025 01:19:26 UTC] PHP Warning:  Trying to access array offset on float in C:\Apache24\htdocs\seramer2\views\sanctions\edit.php on line 126
[21-Sep-2025 01:19:26 UTC] PHP Warning:  Trying to access array offset on float in C:\Apache24\htdocs\seramer2\views\sanctions\edit.php on line 127
[21-Sep-2025 01:19:26 UTC] PHP Warning:  Trying to access array offset on int in C:\Apache24\htdocs\seramer2\views\sanctions\edit.php on line 125
[21-Sep-2025 01:19:26 UTC] PHP Warning:  Trying to access array offset on int in C:\Apache24\htdocs\seramer2\views\sanctions\edit.php on line 126
[21-Sep-2025 01:19:26 UTC] PHP Warning:  Trying to access array offset on int in C:\Apache24\htdocs\seramer2\views\sanctions\edit.php on line 127
[21-Sep-2025 01:19:26 UTC] PHP Fatal error:  Uncaught TypeError: Cannot access offset of type string on string in C:\Apache24\htdocs\seramer2\views\sanctions\edit.php:125
Stack trace:
#0 {main}
  thrown in C:\Apache24\htdocs\seramer2\views\sanctions\edit.php on line 125
[21-Sep-2025 01:21:17 UTC] Error al contar infracciones: SQLSTATE[HY093]: Invalid parameter number
[21-Sep-2025 01:21:17 UTC] PHP Warning:  Undefined array key "infraction_id" in C:\Apache24\htdocs\seramer2\views\sanctions\edit.php on line 125
[21-Sep-2025 01:21:17 UTC] PHP Warning:  Undefined array key "infraction_id" in C:\Apache24\htdocs\seramer2\views\sanctions\edit.php on line 126
[21-Sep-2025 01:21:17 UTC] PHP Warning:  Undefined array key "infration_description" in C:\Apache24\htdocs\seramer2\views\sanctions\edit.php on line 127
[21-Sep-2025 01:21:17 UTC] PHP Warning:  Undefined array key "infraction_id" in C:\Apache24\htdocs\seramer2\views\sanctions\edit.php on line 125
[21-Sep-2025 01:21:17 UTC] PHP Warning:  Undefined array key "infraction_id" in C:\Apache24\htdocs\seramer2\views\sanctions\edit.php on line 126
[21-Sep-2025 01:21:17 UTC] PHP Warning:  Undefined array key "infration_description" in C:\Apache24\htdocs\seramer2\views\sanctions\edit.php on line 127
[21-Sep-2025 01:21:17 UTC] PHP Warning:  Trying to access array offset on int in C:\Apache24\htdocs\seramer2\views\sanctions\edit.php on line 125
[21-Sep-2025 01:21:17 UTC] PHP Warning:  Trying to access array offset on int in C:\Apache24\htdocs\seramer2\views\sanctions\edit.php on line 126
[21-Sep-2025 01:21:17 UTC] PHP Warning:  Trying to access array offset on int in C:\Apache24\htdocs\seramer2\views\sanctions\edit.php on line 127
[21-Sep-2025 01:21:17 UTC] PHP Warning:  Trying to access array offset on float in C:\Apache24\htdocs\seramer2\views\sanctions\edit.php on line 125
[21-Sep-2025 01:21:17 UTC] PHP Warning:  Trying to access array offset on float in C:\Apache24\htdocs\seramer2\views\sanctions\edit.php on line 126
[21-Sep-2025 01:21:17 UTC] PHP Warning:  Trying to access array offset on float in C:\Apache24\htdocs\seramer2\views\sanctions\edit.php on line 127
[21-Sep-2025 01:21:17 UTC] PHP Warning:  Trying to access array offset on int in C:\Apache24\htdocs\seramer2\views\sanctions\edit.php on line 125
[21-Sep-2025 01:21:17 UTC] PHP Warning:  Trying to access array offset on int in C:\Apache24\htdocs\seramer2\views\sanctions\edit.php on line 126
[21-Sep-2025 01:21:17 UTC] PHP Warning:  Trying to access array offset on int in C:\Apache24\htdocs\seramer2\views\sanctions\edit.php on line 127
[21-Sep-2025 01:21:17 UTC] PHP Fatal error:  Uncaught TypeError: Cannot access offset of type string on string in C:\Apache24\htdocs\seramer2\views\sanctions\edit.php:125
Stack trace:
#0 {main}
  thrown in C:\Apache24\htdocs\seramer2\views\sanctions\edit.php on line 125
[21-Sep-2025 01:21:29 UTC] Error al contar infracciones: SQLSTATE[HY093]: Invalid parameter number
[21-Sep-2025 01:21:29 UTC] PHP Warning:  Undefined array key "infraction_id" in C:\Apache24\htdocs\seramer2\views\sanctions\edit.php on line 125
[21-Sep-2025 01:21:29 UTC] PHP Warning:  Undefined array key "infraction_id" in C:\Apache24\htdocs\seramer2\views\sanctions\edit.php on line 126
[21-Sep-2025 01:21:29 UTC] PHP Warning:  Undefined array key "infraction_description" in C:\Apache24\htdocs\seramer2\views\sanctions\edit.php on line 127
[21-Sep-2025 01:21:29 UTC] PHP Warning:  Undefined array key "infraction_id" in C:\Apache24\htdocs\seramer2\views\sanctions\edit.php on line 125
[21-Sep-2025 01:21:29 UTC] PHP Warning:  Undefined array key "infraction_id" in C:\Apache24\htdocs\seramer2\views\sanctions\edit.php on line 126
[21-Sep-2025 01:21:29 UTC] PHP Warning:  Undefined array key "infraction_description" in C:\Apache24\htdocs\seramer2\views\sanctions\edit.php on line 127
[21-Sep-2025 01:21:29 UTC] PHP Warning:  Trying to access array offset on int in C:\Apache24\htdocs\seramer2\views\sanctions\edit.php on line 125
[21-Sep-2025 01:21:29 UTC] PHP Warning:  Trying to access array offset on int in C:\Apache24\htdocs\seramer2\views\sanctions\edit.php on line 126
[21-Sep-2025 01:21:29 UTC] PHP Warning:  Trying to access array offset on int in C:\Apache24\htdocs\seramer2\views\sanctions\edit.php on line 127
[21-Sep-2025 01:21:29 UTC] PHP Warning:  Trying to access array offset on float in C:\Apache24\htdocs\seramer2\views\sanctions\edit.php on line 125
[21-Sep-2025 01:21:29 UTC] PHP Warning:  Trying to access array offset on float in C:\Apache24\htdocs\seramer2\views\sanctions\edit.php on line 126
[21-Sep-2025 01:21:29 UTC] PHP Warning:  Trying to access array offset on float in C:\Apache24\htdocs\seramer2\views\sanctions\edit.php on line 127
[21-Sep-2025 01:21:29 UTC] PHP Warning:  Trying to access array offset on int in C:\Apache24\htdocs\seramer2\views\sanctions\edit.php on line 125
[21-Sep-2025 01:21:29 UTC] PHP Warning:  Trying to access array offset on int in C:\Apache24\htdocs\seramer2\views\sanctions\edit.php on line 126
[21-Sep-2025 01:21:29 UTC] PHP Warning:  Trying to access array offset on int in C:\Apache24\htdocs\seramer2\views\sanctions\edit.php on line 127
[21-Sep-2025 01:21:29 UTC] PHP Fatal error:  Uncaught TypeError: Cannot access offset of type string on string in C:\Apache24\htdocs\seramer2\views\sanctions\edit.php:125
Stack trace:
#0 {main}
  thrown in C:\Apache24\htdocs\seramer2\views\sanctions\edit.php on line 125
[21-Sep-2025 01:23:04 UTC] Error al contar infracciones: SQLSTATE[HY093]: Invalid parameter number
[21-Sep-2025 01:24:10 UTC] Error al contar infracciones: SQLSTATE[HY093]: Invalid parameter number
[21-Sep-2025 01:24:10 UTC] PHP Warning:  Undefined array key "infraction_id" in C:\Apache24\htdocs\seramer2\views\sanctions\edit.php on line 125
[21-Sep-2025 01:24:10 UTC] PHP Warning:  Undefined array key "infraction_id" in C:\Apache24\htdocs\seramer2\views\sanctions\edit.php on line 126
[21-Sep-2025 01:24:10 UTC] PHP Warning:  Undefined array key "infraction_description" in C:\Apache24\htdocs\seramer2\views\sanctions\edit.php on line 127
[21-Sep-2025 01:24:10 UTC] PHP Warning:  Undefined array key "infraction_id" in C:\Apache24\htdocs\seramer2\views\sanctions\edit.php on line 125
[21-Sep-2025 01:24:10 UTC] PHP Warning:  Undefined array key "infraction_id" in C:\Apache24\htdocs\seramer2\views\sanctions\edit.php on line 126
[21-Sep-2025 01:24:10 UTC] PHP Warning:  Undefined array key "infraction_description" in C:\Apache24\htdocs\seramer2\views\sanctions\edit.php on line 127
[21-Sep-2025 01:24:10 UTC] PHP Warning:  Trying to access array offset on int in C:\Apache24\htdocs\seramer2\views\sanctions\edit.php on line 125
[21-Sep-2025 01:24:10 UTC] PHP Warning:  Trying to access array offset on int in C:\Apache24\htdocs\seramer2\views\sanctions\edit.php on line 126
[21-Sep-2025 01:24:10 UTC] PHP Warning:  Trying to access array offset on int in C:\Apache24\htdocs\seramer2\views\sanctions\edit.php on line 127
[21-Sep-2025 01:24:10 UTC] PHP Warning:  Trying to access array offset on float in C:\Apache24\htdocs\seramer2\views\sanctions\edit.php on line 125
[21-Sep-2025 01:24:10 UTC] PHP Warning:  Trying to access array offset on float in C:\Apache24\htdocs\seramer2\views\sanctions\edit.php on line 126
[21-Sep-2025 01:24:10 UTC] PHP Warning:  Trying to access array offset on float in C:\Apache24\htdocs\seramer2\views\sanctions\edit.php on line 127
[21-Sep-2025 01:24:10 UTC] PHP Warning:  Trying to access array offset on int in C:\Apache24\htdocs\seramer2\views\sanctions\edit.php on line 125
[21-Sep-2025 01:24:10 UTC] PHP Warning:  Trying to access array offset on int in C:\Apache24\htdocs\seramer2\views\sanctions\edit.php on line 126
[21-Sep-2025 01:24:10 UTC] PHP Warning:  Trying to access array offset on int in C:\Apache24\htdocs\seramer2\views\sanctions\edit.php on line 127
[21-Sep-2025 01:24:10 UTC] PHP Fatal error:  Uncaught TypeError: Cannot access offset of type string on string in C:\Apache24\htdocs\seramer2\views\sanctions\edit.php:125
Stack trace:
#0 {main}
  thrown in C:\Apache24\htdocs\seramer2\views\sanctions\edit.php on line 125
[21-Sep-2025 01:26:42 UTC] Error al contar infracciones: SQLSTATE[HY093]: Invalid parameter number
[21-Sep-2025 01:26:42 UTC] PHP Warning:  Undefined array key "infraction_id" in C:\Apache24\htdocs\seramer2\views\sanctions\edit.php on line 125
[21-Sep-2025 01:26:42 UTC] PHP Warning:  Undefined array key "infraction_id" in C:\Apache24\htdocs\seramer2\views\sanctions\edit.php on line 126
[21-Sep-2025 01:26:42 UTC] PHP Warning:  Undefined array key "infraction_description" in C:\Apache24\htdocs\seramer2\views\sanctions\edit.php on line 127
[21-Sep-2025 01:26:42 UTC] PHP Warning:  Undefined array key "infraction_id" in C:\Apache24\htdocs\seramer2\views\sanctions\edit.php on line 125
[21-Sep-2025 01:26:42 UTC] PHP Warning:  Undefined array key "infraction_id" in C:\Apache24\htdocs\seramer2\views\sanctions\edit.php on line 126
[21-Sep-2025 01:26:42 UTC] PHP Warning:  Undefined array key "infraction_description" in C:\Apache24\htdocs\seramer2\views\sanctions\edit.php on line 127
[21-Sep-2025 01:26:42 UTC] PHP Warning:  Trying to access array offset on int in C:\Apache24\htdocs\seramer2\views\sanctions\edit.php on line 125
[21-Sep-2025 01:26:42 UTC] PHP Warning:  Trying to access array offset on int in C:\Apache24\htdocs\seramer2\views\sanctions\edit.php on line 126
[21-Sep-2025 01:26:42 UTC] PHP Warning:  Trying to access array offset on int in C:\Apache24\htdocs\seramer2\views\sanctions\edit.php on line 127
[21-Sep-2025 01:26:42 UTC] PHP Warning:  Trying to access array offset on float in C:\Apache24\htdocs\seramer2\views\sanctions\edit.php on line 125
[21-Sep-2025 01:26:42 UTC] PHP Warning:  Trying to access array offset on float in C:\Apache24\htdocs\seramer2\views\sanctions\edit.php on line 126
[21-Sep-2025 01:26:42 UTC] PHP Warning:  Trying to access array offset on float in C:\Apache24\htdocs\seramer2\views\sanctions\edit.php on line 127
[21-Sep-2025 01:26:42 UTC] PHP Warning:  Trying to access array offset on int in C:\Apache24\htdocs\seramer2\views\sanctions\edit.php on line 125
[21-Sep-2025 01:26:42 UTC] PHP Warning:  Trying to access array offset on int in C:\Apache24\htdocs\seramer2\views\sanctions\edit.php on line 126
[21-Sep-2025 01:26:42 UTC] PHP Warning:  Trying to access array offset on int in C:\Apache24\htdocs\seramer2\views\sanctions\edit.php on line 127
[21-Sep-2025 01:26:42 UTC] PHP Fatal error:  Uncaught TypeError: Cannot access offset of type string on string in C:\Apache24\htdocs\seramer2\views\sanctions\edit.php:125
Stack trace:
#0 {main}
  thrown in C:\Apache24\htdocs\seramer2\views\sanctions\edit.php on line 125
[21-Sep-2025 01:27:20 UTC] Error al contar infracciones: SQLSTATE[HY093]: Invalid parameter number
[21-Sep-2025 01:27:48 UTC] Error al contar infracciones: SQLSTATE[HY093]: Invalid parameter number
[21-Sep-2025 01:27:48 UTC] PHP Warning:  Undefined array key "infraction_id" in C:\Apache24\htdocs\seramer2\views\sanctions\edit.php on line 125
[21-Sep-2025 01:27:48 UTC] PHP Warning:  Undefined array key "infraction_id" in C:\Apache24\htdocs\seramer2\views\sanctions\edit.php on line 126
[21-Sep-2025 01:27:48 UTC] PHP Warning:  Undefined array key "infraction_description" in C:\Apache24\htdocs\seramer2\views\sanctions\edit.php on line 127
[21-Sep-2025 01:27:48 UTC] PHP Warning:  Undefined array key "infraction_id" in C:\Apache24\htdocs\seramer2\views\sanctions\edit.php on line 125
[21-Sep-2025 01:27:48 UTC] PHP Warning:  Undefined array key "infraction_id" in C:\Apache24\htdocs\seramer2\views\sanctions\edit.php on line 126
[21-Sep-2025 01:27:48 UTC] PHP Warning:  Undefined array key "infraction_description" in C:\Apache24\htdocs\seramer2\views\sanctions\edit.php on line 127
[21-Sep-2025 01:27:48 UTC] PHP Warning:  Trying to access array offset on int in C:\Apache24\htdocs\seramer2\views\sanctions\edit.php on line 125
[21-Sep-2025 01:27:48 UTC] PHP Warning:  Trying to access array offset on int in C:\Apache24\htdocs\seramer2\views\sanctions\edit.php on line 126
[21-Sep-2025 01:27:48 UTC] PHP Warning:  Trying to access array offset on int in C:\Apache24\htdocs\seramer2\views\sanctions\edit.php on line 127
[21-Sep-2025 01:27:48 UTC] PHP Warning:  Trying to access array offset on float in C:\Apache24\htdocs\seramer2\views\sanctions\edit.php on line 125
[21-Sep-2025 01:27:48 UTC] PHP Warning:  Trying to access array offset on float in C:\Apache24\htdocs\seramer2\views\sanctions\edit.php on line 126
[21-Sep-2025 01:27:48 UTC] PHP Warning:  Trying to access array offset on float in C:\Apache24\htdocs\seramer2\views\sanctions\edit.php on line 127
[21-Sep-2025 01:27:48 UTC] PHP Warning:  Trying to access array offset on int in C:\Apache24\htdocs\seramer2\views\sanctions\edit.php on line 125
[21-Sep-2025 01:27:48 UTC] PHP Warning:  Trying to access array offset on int in C:\Apache24\htdocs\seramer2\views\sanctions\edit.php on line 126
[21-Sep-2025 01:27:48 UTC] PHP Warning:  Trying to access array offset on int in C:\Apache24\htdocs\seramer2\views\sanctions\edit.php on line 127
[21-Sep-2025 01:27:48 UTC] PHP Fatal error:  Uncaught TypeError: Cannot access offset of type string on string in C:\Apache24\htdocs\seramer2\views\sanctions\edit.php:125
Stack trace:
#0 {main}
  thrown in C:\Apache24\htdocs\seramer2\views\sanctions\edit.php on line 125
[21-Sep-2025 01:27:50 UTC] Error al contar infracciones: SQLSTATE[HY093]: Invalid parameter number
[21-Sep-2025 01:27:50 UTC] PHP Warning:  Undefined array key "infraction_id" in C:\Apache24\htdocs\seramer2\views\sanctions\edit.php on line 125
[21-Sep-2025 01:27:50 UTC] PHP Warning:  Undefined array key "infraction_id" in C:\Apache24\htdocs\seramer2\views\sanctions\edit.php on line 126
[21-Sep-2025 01:27:50 UTC] PHP Warning:  Undefined array key "infraction_description" in C:\Apache24\htdocs\seramer2\views\sanctions\edit.php on line 127
[21-Sep-2025 01:27:50 UTC] PHP Warning:  Undefined array key "infraction_id" in C:\Apache24\htdocs\seramer2\views\sanctions\edit.php on line 125
[21-Sep-2025 01:27:50 UTC] PHP Warning:  Undefined array key "infraction_id" in C:\Apache24\htdocs\seramer2\views\sanctions\edit.php on line 126
[21-Sep-2025 01:27:50 UTC] PHP Warning:  Undefined array key "infraction_description" in C:\Apache24\htdocs\seramer2\views\sanctions\edit.php on line 127
[21-Sep-2025 01:27:50 UTC] PHP Warning:  Trying to access array offset on int in C:\Apache24\htdocs\seramer2\views\sanctions\edit.php on line 125
[21-Sep-2025 01:27:50 UTC] PHP Warning:  Trying to access array offset on int in C:\Apache24\htdocs\seramer2\views\sanctions\edit.php on line 126
[21-Sep-2025 01:27:50 UTC] PHP Warning:  Trying to access array offset on int in C:\Apache24\htdocs\seramer2\views\sanctions\edit.php on line 127
[21-Sep-2025 01:27:50 UTC] PHP Warning:  Trying to access array offset on float in C:\Apache24\htdocs\seramer2\views\sanctions\edit.php on line 125
[21-Sep-2025 01:27:50 UTC] PHP Warning:  Trying to access array offset on float in C:\Apache24\htdocs\seramer2\views\sanctions\edit.php on line 126
[21-Sep-2025 01:27:50 UTC] PHP Warning:  Trying to access array offset on float in C:\Apache24\htdocs\seramer2\views\sanctions\edit.php on line 127
[21-Sep-2025 01:27:50 UTC] PHP Warning:  Trying to access array offset on int in C:\Apache24\htdocs\seramer2\views\sanctions\edit.php on line 125
[21-Sep-2025 01:27:50 UTC] PHP Warning:  Trying to access array offset on int in C:\Apache24\htdocs\seramer2\views\sanctions\edit.php on line 126
[21-Sep-2025 01:27:50 UTC] PHP Warning:  Trying to access array offset on int in C:\Apache24\htdocs\seramer2\views\sanctions\edit.php on line 127
[21-Sep-2025 01:27:50 UTC] PHP Fatal error:  Uncaught TypeError: Cannot access offset of type string on string in C:\Apache24\htdocs\seramer2\views\sanctions\edit.php:125
Stack trace:
#0 {main}
  thrown in C:\Apache24\htdocs\seramer2\views\sanctions\edit.php on line 125
[21-Sep-2025 01:32:01 UTC] Error al contar infracciones: SQLSTATE[HY093]: Invalid parameter number
[21-Sep-2025 01:34:03 UTC] Error al contar infracciones: SQLSTATE[HY093]: Invalid parameter number
[21-Sep-2025 01:34:12 UTC] Error al contar infracciones: SQLSTATE[HY093]: Invalid parameter number
[21-Sep-2025 01:34:12 UTC] PHP Warning:  Undefined array key "infraction_id" in C:\Apache24\htdocs\seramer2\views\sanctions\edit.php on line 125
[21-Sep-2025 01:34:12 UTC] PHP Warning:  Undefined array key "infraction_id" in C:\Apache24\htdocs\seramer2\views\sanctions\edit.php on line 126
[21-Sep-2025 01:34:12 UTC] PHP Warning:  Undefined array key "infraction_description" in C:\Apache24\htdocs\seramer2\views\sanctions\edit.php on line 127
[21-Sep-2025 01:34:12 UTC] PHP Warning:  Undefined array key "infraction_id" in C:\Apache24\htdocs\seramer2\views\sanctions\edit.php on line 125
[21-Sep-2025 01:34:12 UTC] PHP Warning:  Undefined array key "infraction_id" in C:\Apache24\htdocs\seramer2\views\sanctions\edit.php on line 126
[21-Sep-2025 01:34:12 UTC] PHP Warning:  Undefined array key "infraction_description" in C:\Apache24\htdocs\seramer2\views\sanctions\edit.php on line 127
[21-Sep-2025 01:34:12 UTC] PHP Warning:  Trying to access array offset on int in C:\Apache24\htdocs\seramer2\views\sanctions\edit.php on line 125
[21-Sep-2025 01:34:12 UTC] PHP Warning:  Trying to access array offset on int in C:\Apache24\htdocs\seramer2\views\sanctions\edit.php on line 126
[21-Sep-2025 01:34:12 UTC] PHP Warning:  Trying to access array offset on int in C:\Apache24\htdocs\seramer2\views\sanctions\edit.php on line 127
[21-Sep-2025 01:34:12 UTC] PHP Warning:  Trying to access array offset on float in C:\Apache24\htdocs\seramer2\views\sanctions\edit.php on line 125
[21-Sep-2025 01:34:12 UTC] PHP Warning:  Trying to access array offset on float in C:\Apache24\htdocs\seramer2\views\sanctions\edit.php on line 126
[21-Sep-2025 01:34:12 UTC] PHP Warning:  Trying to access array offset on float in C:\Apache24\htdocs\seramer2\views\sanctions\edit.php on line 127
[21-Sep-2025 01:34:12 UTC] PHP Warning:  Trying to access array offset on int in C:\Apache24\htdocs\seramer2\views\sanctions\edit.php on line 125
[21-Sep-2025 01:34:12 UTC] PHP Warning:  Trying to access array offset on int in C:\Apache24\htdocs\seramer2\views\sanctions\edit.php on line 126
[21-Sep-2025 01:34:12 UTC] PHP Warning:  Trying to access array offset on int in C:\Apache24\htdocs\seramer2\views\sanctions\edit.php on line 127
[21-Sep-2025 01:34:12 UTC] PHP Fatal error:  Uncaught TypeError: Cannot access offset of type string on string in C:\Apache24\htdocs\seramer2\views\sanctions\edit.php:125
Stack trace:
#0 {main}
  thrown in C:\Apache24\htdocs\seramer2\views\sanctions\edit.php on line 125
[21-Sep-2025 01:34:43 UTC] Error al contar infracciones: SQLSTATE[HY093]: Invalid parameter number
[21-Sep-2025 01:34:43 UTC] PHP Warning:  Undefined array key "sanction_type_id" in C:\Apache24\htdocs\seramer2\views\sanctions\edit.php on line 126
[21-Sep-2025 01:34:43 UTC] PHP Warning:  Undefined array key "sanction_type_id" in C:\Apache24\htdocs\seramer2\views\sanctions\edit.php on line 127
[21-Sep-2025 01:34:43 UTC] PHP Warning:  Undefined array key "sanction_type_name" in C:\Apache24\htdocs\seramer2\views\sanctions\edit.php on line 128
[21-Sep-2025 01:34:43 UTC] PHP Warning:  Trying to access array offset on int in C:\Apache24\htdocs\seramer2\views\sanctions\edit.php on line 126
[21-Sep-2025 01:34:43 UTC] PHP Warning:  Trying to access array offset on int in C:\Apache24\htdocs\seramer2\views\sanctions\edit.php on line 127
[21-Sep-2025 01:34:43 UTC] PHP Warning:  Trying to access array offset on int in C:\Apache24\htdocs\seramer2\views\sanctions\edit.php on line 128
[21-Sep-2025 01:34:43 UTC] PHP Warning:  Trying to access array offset on int in C:\Apache24\htdocs\seramer2\views\sanctions\edit.php on line 126
[21-Sep-2025 01:34:43 UTC] PHP Warning:  Trying to access array offset on int in C:\Apache24\htdocs\seramer2\views\sanctions\edit.php on line 127
[21-Sep-2025 01:34:43 UTC] PHP Warning:  Trying to access array offset on int in C:\Apache24\htdocs\seramer2\views\sanctions\edit.php on line 128
[21-Sep-2025 01:34:43 UTC] PHP Warning:  Trying to access array offset on int in C:\Apache24\htdocs\seramer2\views\sanctions\edit.php on line 126
[21-Sep-2025 01:34:43 UTC] PHP Warning:  Trying to access array offset on int in C:\Apache24\htdocs\seramer2\views\sanctions\edit.php on line 127
[21-Sep-2025 01:34:43 UTC] PHP Warning:  Trying to access array offset on int in C:\Apache24\htdocs\seramer2\views\sanctions\edit.php on line 128
[21-Sep-2025 01:34:43 UTC] PHP Fatal error:  Uncaught TypeError: Cannot access offset of type string on string in C:\Apache24\htdocs\seramer2\views\sanctions\edit.php:126
Stack trace:
#0 {main}
  thrown in C:\Apache24\htdocs\seramer2\views\sanctions\edit.php on line 126
[21-Sep-2025 01:35:16 UTC] Error al contar infracciones: SQLSTATE[HY093]: Invalid parameter number
[21-Sep-2025 01:35:16 UTC] PHP Warning:  Undefined array key "infraction_id" in C:\Apache24\htdocs\seramer2\views\sanctions\edit.php on line 125
[21-Sep-2025 01:35:16 UTC] PHP Warning:  Undefined array key "infraction_id" in C:\Apache24\htdocs\seramer2\views\sanctions\edit.php on line 126
[21-Sep-2025 01:35:16 UTC] PHP Warning:  Undefined array key "infraction_description" in C:\Apache24\htdocs\seramer2\views\sanctions\edit.php on line 127
[21-Sep-2025 01:35:16 UTC] PHP Warning:  Undefined array key "infraction_id" in C:\Apache24\htdocs\seramer2\views\sanctions\edit.php on line 125
[21-Sep-2025 01:35:16 UTC] PHP Warning:  Undefined array key "infraction_id" in C:\Apache24\htdocs\seramer2\views\sanctions\edit.php on line 126
[21-Sep-2025 01:35:16 UTC] PHP Warning:  Undefined array key "infraction_description" in C:\Apache24\htdocs\seramer2\views\sanctions\edit.php on line 127
[21-Sep-2025 01:35:16 UTC] PHP Warning:  Trying to access array offset on int in C:\Apache24\htdocs\seramer2\views\sanctions\edit.php on line 125
[21-Sep-2025 01:35:16 UTC] PHP Warning:  Trying to access array offset on int in C:\Apache24\htdocs\seramer2\views\sanctions\edit.php on line 126
[21-Sep-2025 01:35:16 UTC] PHP Warning:  Trying to access array offset on int in C:\Apache24\htdocs\seramer2\views\sanctions\edit.php on line 127
[21-Sep-2025 01:35:16 UTC] PHP Warning:  Trying to access array offset on float in C:\Apache24\htdocs\seramer2\views\sanctions\edit.php on line 125
[21-Sep-2025 01:35:16 UTC] PHP Warning:  Trying to access array offset on float in C:\Apache24\htdocs\seramer2\views\sanctions\edit.php on line 126
[21-Sep-2025 01:35:16 UTC] PHP Warning:  Trying to access array offset on float in C:\Apache24\htdocs\seramer2\views\sanctions\edit.php on line 127
[21-Sep-2025 01:35:16 UTC] PHP Warning:  Trying to access array offset on int in C:\Apache24\htdocs\seramer2\views\sanctions\edit.php on line 125
[21-Sep-2025 01:35:16 UTC] PHP Warning:  Trying to access array offset on int in C:\Apache24\htdocs\seramer2\views\sanctions\edit.php on line 126
[21-Sep-2025 01:35:16 UTC] PHP Warning:  Trying to access array offset on int in C:\Apache24\htdocs\seramer2\views\sanctions\edit.php on line 127
[21-Sep-2025 01:35:16 UTC] PHP Fatal error:  Uncaught TypeError: Cannot access offset of type string on string in C:\Apache24\htdocs\seramer2\views\sanctions\edit.php:125
Stack trace:
#0 {main}
  thrown in C:\Apache24\htdocs\seramer2\views\sanctions\edit.php on line 125
[21-Sep-2025 01:35:43 UTC] Error al contar infracciones: SQLSTATE[HY093]: Invalid parameter number
[21-Sep-2025 01:35:43 UTC] PHP Warning:  Undefined array key "sanction_type_id" in C:\Apache24\htdocs\seramer2\views\sanctions\edit.php on line 126
[21-Sep-2025 01:35:43 UTC] PHP Warning:  Undefined array key "sanction_type_id" in C:\Apache24\htdocs\seramer2\views\sanctions\edit.php on line 127
[21-Sep-2025 01:35:43 UTC] PHP Warning:  Undefined array key "sanction_type_name" in C:\Apache24\htdocs\seramer2\views\sanctions\edit.php on line 128
[21-Sep-2025 01:35:43 UTC] PHP Warning:  Trying to access array offset on int in C:\Apache24\htdocs\seramer2\views\sanctions\edit.php on line 126
[21-Sep-2025 01:35:43 UTC] PHP Warning:  Trying to access array offset on int in C:\Apache24\htdocs\seramer2\views\sanctions\edit.php on line 127
[21-Sep-2025 01:35:43 UTC] PHP Warning:  Trying to access array offset on int in C:\Apache24\htdocs\seramer2\views\sanctions\edit.php on line 128
[21-Sep-2025 01:35:43 UTC] PHP Warning:  Trying to access array offset on int in C:\Apache24\htdocs\seramer2\views\sanctions\edit.php on line 126
[21-Sep-2025 01:35:43 UTC] PHP Warning:  Trying to access array offset on int in C:\Apache24\htdocs\seramer2\views\sanctions\edit.php on line 127
[21-Sep-2025 01:35:43 UTC] PHP Warning:  Trying to access array offset on int in C:\Apache24\htdocs\seramer2\views\sanctions\edit.php on line 128
[21-Sep-2025 01:35:43 UTC] PHP Warning:  Trying to access array offset on int in C:\Apache24\htdocs\seramer2\views\sanctions\edit.php on line 126
[21-Sep-2025 01:35:43 UTC] PHP Warning:  Trying to access array offset on int in C:\Apache24\htdocs\seramer2\views\sanctions\edit.php on line 127
[21-Sep-2025 01:35:43 UTC] PHP Warning:  Trying to access array offset on int in C:\Apache24\htdocs\seramer2\views\sanctions\edit.php on line 128
[21-Sep-2025 01:35:43 UTC] PHP Fatal error:  Uncaught TypeError: Cannot access offset of type string on string in C:\Apache24\htdocs\seramer2\views\sanctions\edit.php:126
Stack trace:
#0 {main}
  thrown in C:\Apache24\htdocs\seramer2\views\sanctions\edit.php on line 126
[21-Sep-2025 01:38:48 UTC] Error al contar infracciones: SQLSTATE[HY093]: Invalid parameter number
[21-Sep-2025 01:39:50 UTC] Error al contar infracciones: SQLSTATE[HY093]: Invalid parameter number
[21-Sep-2025 01:40:00 UTC] Error al contar infracciones: SQLSTATE[HY093]: Invalid parameter number
[21-Sep-2025 01:40:13 UTC] Error al contar infracciones: SQLSTATE[HY093]: Invalid parameter number
[21-Sep-2025 02:49:10 UTC] Error al contar infracciones: SQLSTATE[HY093]: Invalid parameter number
[21-Sep-2025 02:49:13 UTC] Error al contar infracciones: SQLSTATE[HY093]: Invalid parameter number
[21-Sep-2025 02:51:54 UTC] Error al contar infracciones: SQLSTATE[HY093]: Invalid parameter number
[21-Sep-2025 21:00:36 UTC] Error al contar infracciones: SQLSTATE[HY093]: Invalid parameter number
[22-Sep-2025 00:42:48 UTC] Error al contar infracciones: SQLSTATE[HY093]: Invalid parameter number
[23-Sep-2025 18:44:26 UTC] Error al contar infracciones: SQLSTATE[HY093]: Invalid parameter number
[23-Sep-2025 20:19:09 UTC] Error al contar infracciones: SQLSTATE[HY093]: Invalid parameter number
