[22-Sep-2025 00:42:54 UTC] PHP Fatal error:  Uncaught PDOException: SQLSTATE[42S22]: Column not found: 1054 Unknown column 'description' in 'SELECT' in C:\Apache24\htdocs\seramer2\models\CitationsModel.php:149
Stack trace:
#0 C:\Apache24\htdocs\seramer2\models\CitationsModel.php(149): PDO->query()
#1 C:\Apache24\htdocs\seramer2\controllers\CitationsController.php(216): CitationsModel->getInfractionsList()
#2 C:\Apache24\htdocs\seramer2\views\citations\create.php(26): CitationsController->getInfractionsList()
#3 {main}
  thrown in C:\Apache24\htdocs\seramer2\models\CitationsModel.php on line 149
[22-Sep-2025 00:42:59 UTC] PHP Fatal error:  Uncaught PDOException: SQLSTATE[42S22]: Column not found: 1054 Unknown column 'description' in 'SELECT' in C:\Apache24\htdocs\seramer2\models\CitationsModel.php:149
Stack trace:
#0 C:\Apache24\htdocs\seramer2\models\CitationsModel.php(149): PDO->query()
#1 C:\Apache24\htdocs\seramer2\controllers\CitationsController.php(216): CitationsModel->getInfractionsList()
#2 C:\Apache24\htdocs\seramer2\views\citations\create.php(26): CitationsController->getInfractionsList()
#3 {main}
  thrown in C:\Apache24\htdocs\seramer2\models\CitationsModel.php on line 149
[22-Sep-2025 00:44:31 UTC] PHP Fatal error:  Uncaught PDOException: SQLSTATE[42S22]: Column not found: 1054 Unknown column 'description' in 'SELECT' in C:\Apache24\htdocs\seramer2\models\CitationsModel.php:149
Stack trace:
#0 C:\Apache24\htdocs\seramer2\models\CitationsModel.php(149): PDO->query()
#1 C:\Apache24\htdocs\seramer2\controllers\CitationsController.php(216): CitationsModel->getInfractionsList()
#2 C:\Apache24\htdocs\seramer2\views\citations\create.php(26): CitationsController->getInfractionsList()
#3 {main}
  thrown in C:\Apache24\htdocs\seramer2\models\CitationsModel.php on line 149
[22-Sep-2025 00:44:31 UTC] PHP Fatal error:  Uncaught PDOException: SQLSTATE[42S22]: Column not found: 1054 Unknown column 'description' in 'SELECT' in C:\Apache24\htdocs\seramer2\models\CitationsModel.php:149
Stack trace:
#0 C:\Apache24\htdocs\seramer2\models\CitationsModel.php(149): PDO->query()
#1 C:\Apache24\htdocs\seramer2\controllers\CitationsController.php(216): CitationsModel->getInfractionsList()
#2 C:\Apache24\htdocs\seramer2\views\citations\create.php(26): CitationsController->getInfractionsList()
#3 {main}
  thrown in C:\Apache24\htdocs\seramer2\models\CitationsModel.php on line 149
[22-Sep-2025 00:49:22 UTC] PHP Fatal error:  Uncaught PDOException: SQLSTATE[42S22]: Column not found: 1054 Unknown column 'infrantion_description' in 'SELECT' in C:\Apache24\htdocs\seramer2\models\CitationsModel.php:149
Stack trace:
#0 C:\Apache24\htdocs\seramer2\models\CitationsModel.php(149): PDO->query()
#1 C:\Apache24\htdocs\seramer2\controllers\CitationsController.php(216): CitationsModel->getInfractionsList()
#2 C:\Apache24\htdocs\seramer2\views\citations\create.php(26): CitationsController->getInfractionsList()
#3 {main}
  thrown in C:\Apache24\htdocs\seramer2\models\CitationsModel.php on line 149
[22-Sep-2025 00:49:23 UTC] PHP Fatal error:  Uncaught PDOException: SQLSTATE[42S22]: Column not found: 1054 Unknown column 'infrantion_description' in 'SELECT' in C:\Apache24\htdocs\seramer2\models\CitationsModel.php:149
Stack trace:
#0 C:\Apache24\htdocs\seramer2\models\CitationsModel.php(149): PDO->query()
#1 C:\Apache24\htdocs\seramer2\controllers\CitationsController.php(216): CitationsModel->getInfractionsList()
#2 C:\Apache24\htdocs\seramer2\views\citations\create.php(26): CitationsController->getInfractionsList()
#3 {main}
  thrown in C:\Apache24\htdocs\seramer2\models\CitationsModel.php on line 149
[22-Sep-2025 00:49:56 UTC] PHP Fatal error:  Uncaught PDOException: SQLSTATE[42S22]: Column not found: 1054 Unknown column 'infrantion_description' in 'SELECT' in C:\Apache24\htdocs\seramer2\models\CitationsModel.php:149
Stack trace:
#0 C:\Apache24\htdocs\seramer2\models\CitationsModel.php(149): PDO->query()
#1 C:\Apache24\htdocs\seramer2\controllers\CitationsController.php(216): CitationsModel->getInfractionsList()
#2 C:\Apache24\htdocs\seramer2\views\citations\create.php(26): CitationsController->getInfractionsList()
#3 {main}
  thrown in C:\Apache24\htdocs\seramer2\models\CitationsModel.php on line 149
[22-Sep-2025 00:50:28 UTC] PHP Fatal error:  Uncaught PDOException: SQLSTATE[42S22]: Column not found: 1054 Unknown column 'infrantion_description' in 'SELECT' in C:\Apache24\htdocs\seramer2\models\CitationsModel.php:149
Stack trace:
#0 C:\Apache24\htdocs\seramer2\models\CitationsModel.php(149): PDO->query()
#1 C:\Apache24\htdocs\seramer2\controllers\CitationsController.php(216): CitationsModel->getInfractionsList()
#2 C:\Apache24\htdocs\seramer2\views\citations\create.php(26): CitationsController->getInfractionsList()
#3 {main}
  thrown in C:\Apache24\htdocs\seramer2\models\CitationsModel.php on line 149
[22-Sep-2025 00:52:09 UTC] PHP Warning:  Undefined array key "description" in C:\Apache24\htdocs\seramer2\views\citations\create.php on line 110
[22-Sep-2025 00:52:09 UTC] PHP Warning:  Undefined array key "user_id" in C:\Apache24\htdocs\seramer2\views\citations\create.php on line 143
[22-Sep-2025 00:52:09 UTC] PHP Warning:  Undefined array key "user_id" in C:\Apache24\htdocs\seramer2\views\citations\create.php on line 144
[22-Sep-2025 00:52:09 UTC] PHP Warning:  Undefined array key "user_id" in C:\Apache24\htdocs\seramer2\views\citations\create.php on line 143
[22-Sep-2025 00:52:09 UTC] PHP Warning:  Undefined array key "user_id" in C:\Apache24\htdocs\seramer2\views\citations\create.php on line 144
[22-Sep-2025 00:52:09 UTC] PHP Warning:  Undefined array key "user_id" in C:\Apache24\htdocs\seramer2\views\citations\create.php on line 143
[22-Sep-2025 00:52:09 UTC] PHP Warning:  Undefined array key "user_id" in C:\Apache24\htdocs\seramer2\views\citations\create.php on line 144
[22-Sep-2025 00:52:37 UTC] PHP Warning:  Undefined array key "description" in C:\Apache24\htdocs\seramer2\views\citations\create.php on line 110
[22-Sep-2025 00:52:37 UTC] PHP Warning:  Undefined array key "user_id" in C:\Apache24\htdocs\seramer2\views\citations\create.php on line 143
[22-Sep-2025 00:52:37 UTC] PHP Warning:  Undefined array key "user_id" in C:\Apache24\htdocs\seramer2\views\citations\create.php on line 144
[22-Sep-2025 00:52:37 UTC] PHP Warning:  Undefined array key "user_id" in C:\Apache24\htdocs\seramer2\views\citations\create.php on line 143
[22-Sep-2025 00:52:37 UTC] PHP Warning:  Undefined array key "user_id" in C:\Apache24\htdocs\seramer2\views\citations\create.php on line 144
[22-Sep-2025 00:52:37 UTC] PHP Warning:  Undefined array key "user_id" in C:\Apache24\htdocs\seramer2\views\citations\create.php on line 143
[22-Sep-2025 00:52:37 UTC] PHP Warning:  Undefined array key "user_id" in C:\Apache24\htdocs\seramer2\views\citations\create.php on line 144
[22-Sep-2025 00:53:19 UTC] PHP Warning:  Undefined array key "user_id" in C:\Apache24\htdocs\seramer2\views\citations\create.php on line 143
[22-Sep-2025 00:53:19 UTC] PHP Warning:  Undefined array key "user_id" in C:\Apache24\htdocs\seramer2\views\citations\create.php on line 144
[22-Sep-2025 00:53:19 UTC] PHP Warning:  Undefined array key "user_id" in C:\Apache24\htdocs\seramer2\views\citations\create.php on line 143
[22-Sep-2025 00:53:19 UTC] PHP Warning:  Undefined array key "user_id" in C:\Apache24\htdocs\seramer2\views\citations\create.php on line 144
[22-Sep-2025 00:53:19 UTC] PHP Warning:  Undefined array key "user_id" in C:\Apache24\htdocs\seramer2\views\citations\create.php on line 143
[22-Sep-2025 00:53:19 UTC] PHP Warning:  Undefined array key "user_id" in C:\Apache24\htdocs\seramer2\views\citations\create.php on line 144
[22-Sep-2025 00:53:40 UTC] PHP Warning:  Undefined array key "user_id" in C:\Apache24\htdocs\seramer2\views\citations\create.php on line 143
[22-Sep-2025 00:53:40 UTC] PHP Warning:  Undefined array key "user_id" in C:\Apache24\htdocs\seramer2\views\citations\create.php on line 144
[22-Sep-2025 00:53:40 UTC] PHP Warning:  Undefined array key "user_id" in C:\Apache24\htdocs\seramer2\views\citations\create.php on line 143
[22-Sep-2025 00:53:40 UTC] PHP Warning:  Undefined array key "user_id" in C:\Apache24\htdocs\seramer2\views\citations\create.php on line 144
[22-Sep-2025 00:53:40 UTC] PHP Warning:  Undefined array key "user_id" in C:\Apache24\htdocs\seramer2\views\citations\create.php on line 143
[22-Sep-2025 00:53:40 UTC] PHP Warning:  Undefined array key "user_id" in C:\Apache24\htdocs\seramer2\views\citations\create.php on line 144
[22-Sep-2025 00:53:50 UTC] PHP Warning:  Undefined array key "user_id" in C:\Apache24\htdocs\seramer2\views\citations\create.php on line 143
[22-Sep-2025 00:53:50 UTC] PHP Warning:  Undefined array key "user_id" in C:\Apache24\htdocs\seramer2\views\citations\create.php on line 144
[22-Sep-2025 00:53:50 UTC] PHP Warning:  Undefined array key "user_id" in C:\Apache24\htdocs\seramer2\views\citations\create.php on line 143
[22-Sep-2025 00:53:50 UTC] PHP Warning:  Undefined array key "user_id" in C:\Apache24\htdocs\seramer2\views\citations\create.php on line 144
[22-Sep-2025 00:53:50 UTC] PHP Warning:  Undefined array key "user_id" in C:\Apache24\htdocs\seramer2\views\citations\create.php on line 143
[22-Sep-2025 00:53:50 UTC] PHP Warning:  Undefined array key "user_id" in C:\Apache24\htdocs\seramer2\views\citations\create.php on line 144
[22-Sep-2025 01:00:36 UTC] PHP Warning:  Undefined array key "success" in C:\Apache24\htdocs\seramer2\views\citations\create.php on line 61
[22-Sep-2025 01:00:36 UTC] PHP Warning:  Undefined array key "message" in C:\Apache24\htdocs\seramer2\views\citations\create.php on line 62
[22-Sep-2025 01:05:00 UTC] PHP Warning:  Undefined array key "description" in C:\Apache24\htdocs\seramer2\views\citations\edit.php on line 136
[22-Sep-2025 01:05:00 UTC] PHP Warning:  Undefined array key "user_id" in C:\Apache24\htdocs\seramer2\views\citations\edit.php on line 169
[22-Sep-2025 01:05:00 UTC] PHP Warning:  Undefined array key "user_id" in C:\Apache24\htdocs\seramer2\views\citations\edit.php on line 170
[22-Sep-2025 01:05:00 UTC] PHP Warning:  Undefined array key "user_id" in C:\Apache24\htdocs\seramer2\views\citations\edit.php on line 169
[22-Sep-2025 01:05:00 UTC] PHP Warning:  Undefined array key "user_id" in C:\Apache24\htdocs\seramer2\views\citations\edit.php on line 170
[22-Sep-2025 01:05:00 UTC] PHP Warning:  Undefined array key "user_id" in C:\Apache24\htdocs\seramer2\views\citations\edit.php on line 169
[22-Sep-2025 01:05:00 UTC] PHP Warning:  Undefined array key "user_id" in C:\Apache24\htdocs\seramer2\views\citations\edit.php on line 170
[22-Sep-2025 01:05:08 UTC] PHP Warning:  Undefined array key "description" in C:\Apache24\htdocs\seramer2\views\citations\view.php on line 37
[22-Sep-2025 01:05:08 UTC] PHP Warning:  Undefined array key "user_id" in C:\Apache24\htdocs\seramer2\views\citations\view.php on line 44
[22-Sep-2025 01:05:08 UTC] PHP Warning:  Undefined array key "user_id" in C:\Apache24\htdocs\seramer2\views\citations\view.php on line 44
[22-Sep-2025 01:05:08 UTC] PHP Warning:  Undefined array key "user_id" in C:\Apache24\htdocs\seramer2\views\citations\view.php on line 44
[22-Sep-2025 01:05:17 UTC] PHP Warning:  Undefined array key "description" in C:\Apache24\htdocs\seramer2\views\citations\edit.php on line 136
[22-Sep-2025 01:05:17 UTC] PHP Warning:  Undefined array key "user_id" in C:\Apache24\htdocs\seramer2\views\citations\edit.php on line 169
[22-Sep-2025 01:05:17 UTC] PHP Warning:  Undefined array key "user_id" in C:\Apache24\htdocs\seramer2\views\citations\edit.php on line 170
[22-Sep-2025 01:05:17 UTC] PHP Warning:  Undefined array key "user_id" in C:\Apache24\htdocs\seramer2\views\citations\edit.php on line 169
[22-Sep-2025 01:05:17 UTC] PHP Warning:  Undefined array key "user_id" in C:\Apache24\htdocs\seramer2\views\citations\edit.php on line 170
[22-Sep-2025 01:05:17 UTC] PHP Warning:  Undefined array key "user_id" in C:\Apache24\htdocs\seramer2\views\citations\edit.php on line 169
[22-Sep-2025 01:05:17 UTC] PHP Warning:  Undefined array key "user_id" in C:\Apache24\htdocs\seramer2\views\citations\edit.php on line 170
[22-Sep-2025 01:05:53 UTC] PHP Warning:  Undefined array key "user_id" in C:\Apache24\htdocs\seramer2\views\citations\edit.php on line 169
[22-Sep-2025 01:05:53 UTC] PHP Warning:  Undefined array key "user_id" in C:\Apache24\htdocs\seramer2\views\citations\edit.php on line 170
[22-Sep-2025 01:05:53 UTC] PHP Warning:  Undefined array key "user_id" in C:\Apache24\htdocs\seramer2\views\citations\edit.php on line 169
[22-Sep-2025 01:05:53 UTC] PHP Warning:  Undefined array key "user_id" in C:\Apache24\htdocs\seramer2\views\citations\edit.php on line 170
[22-Sep-2025 01:05:53 UTC] PHP Warning:  Undefined array key "user_id" in C:\Apache24\htdocs\seramer2\views\citations\edit.php on line 169
[22-Sep-2025 01:05:53 UTC] PHP Warning:  Undefined array key "user_id" in C:\Apache24\htdocs\seramer2\views\citations\edit.php on line 170
[22-Sep-2025 01:06:25 UTC] PHP Warning:  Undefined array key "message" in C:\Apache24\htdocs\seramer2\views\citations\edit.php on line 87
[22-Sep-2025 01:06:28 UTC] PHP Warning:  Undefined array key "description" in C:\Apache24\htdocs\seramer2\views\citations\view.php on line 37
[22-Sep-2025 01:06:28 UTC] PHP Warning:  Undefined array key "user_id" in C:\Apache24\htdocs\seramer2\views\citations\view.php on line 44
[22-Sep-2025 01:06:28 UTC] PHP Warning:  Undefined array key "user_id" in C:\Apache24\htdocs\seramer2\views\citations\view.php on line 44
[22-Sep-2025 01:06:28 UTC] PHP Warning:  Undefined array key "user_id" in C:\Apache24\htdocs\seramer2\views\citations\view.php on line 44
[22-Sep-2025 01:07:00 UTC] PHP Warning:  Undefined array key "user_id" in C:\Apache24\htdocs\seramer2\views\citations\view.php on line 44
[22-Sep-2025 01:07:00 UTC] PHP Warning:  Undefined array key "user_id" in C:\Apache24\htdocs\seramer2\views\citations\view.php on line 44
[22-Sep-2025 01:07:00 UTC] PHP Warning:  Undefined array key "user_id" in C:\Apache24\htdocs\seramer2\views\citations\view.php on line 44
[22-Sep-2025 16:11:59 UTC] PHP Warning:  Undefined array key "message" in C:\Apache24\htdocs\seramer2\views\citations\edit.php on line 87
[22-Sep-2025 16:13:27 UTC] PHP Warning:  Undefined array key "Reprogramada" in C:\Apache24\htdocs\seramer2\views\citations\index.php on line 150
[23-Sep-2025 02:49:18 UTC] PHP Warning:  Undefined array key "Resuelta" in C:\Apache24\htdocs\seramer2\views\citations\index.php on line 150
[23-Sep-2025 02:49:21 UTC] PHP Warning:  Undefined array key "Resuelta" in C:\Apache24\htdocs\seramer2\views\citations\view.php on line 118
[24-Sep-2025 15:42:05 UTC] PHP Warning:  Undefined array key "Resuelta" in C:\Apache24\htdocs\seramer2\views\citations\index.php on line 150
[24-Sep-2025 15:42:25 UTC] PHP Warning:  Undefined array key "Resuelta" in C:\Apache24\htdocs\seramer2\views\citations\index.php on line 150
[24-Sep-2025 15:42:32 UTC] PHP Warning:  Undefined array key "Resuelta" in C:\Apache24\htdocs\seramer2\views\citations\view.php on line 118
