[28-Oct-2025 02:44:19 UTC] PHP Warning:  require_once(C:\Apache24\htdocs\seramer2\controllers/../models/UserFiscModel.php): Failed to open stream: No such file or directory in C:\Apache24\htdocs\seramer2\controllers\AuthController.php on line 4
[28-Oct-2025 02:44:19 UTC] PHP Fatal error:  Uncaught Error: Failed opening required 'C:\Apache24\htdocs\seramer2\controllers/../models/UserFiscModel.php' (include_path='.;C:\php\pear') in C:\Apache24\htdocs\seramer2\controllers\AuthController.php:4
Stack trace:
#0 C:\Apache24\htdocs\seramer2\views\layouts\navigation.php(4): require_once()
#1 C:\Apache24\htdocs\seramer2\views\users-fisc\indexRoles.php(18): include('...')
#2 {main}
  thrown in C:\Apache24\htdocs\seramer2\controllers\AuthController.php on line 4
[28-Oct-2025 02:44:22 UTC] PHP Warning:  require_once(C:\Apache24\htdocs\seramer2\controllers/../models/UserFiscModel.php): Failed to open stream: No such file or directory in C:\Apache24\htdocs\seramer2\controllers\AuthController.php on line 4
[28-Oct-2025 02:44:22 UTC] PHP Fatal error:  Uncaught Error: Failed opening required 'C:\Apache24\htdocs\seramer2\controllers/../models/UserFiscModel.php' (include_path='.;C:\php\pear') in C:\Apache24\htdocs\seramer2\controllers\AuthController.php:4
Stack trace:
#0 C:\Apache24\htdocs\seramer2\views\layouts\navigation.php(4): require_once()
#1 C:\Apache24\htdocs\seramer2\views\users-fisc\indexRoles.php(18): include('...')
#2 {main}
  thrown in C:\Apache24\htdocs\seramer2\controllers\AuthController.php on line 4
[28-Oct-2025 02:45:16 UTC] PHP Warning:  require_once(C:\Apache24\htdocs\seramer2\controllers/../models/UserFiscModel.php): Failed to open stream: No such file or directory in C:\Apache24\htdocs\seramer2\controllers\AuthController.php on line 4
[28-Oct-2025 02:45:16 UTC] PHP Fatal error:  Uncaught Error: Failed opening required 'C:\Apache24\htdocs\seramer2\controllers/../models/UserFiscModel.php' (include_path='.;C:\php\pear') in C:\Apache24\htdocs\seramer2\controllers\AuthController.php:4
Stack trace:
#0 C:\Apache24\htdocs\seramer2\views\layouts\navigation.php(4): require_once()
#1 C:\Apache24\htdocs\seramer2\views\users-fisc\indexRoles.php(18): include('...')
#2 {main}
  thrown in C:\Apache24\htdocs\seramer2\controllers\AuthController.php on line 4
[28-Oct-2025 02:45:59 UTC] PHP Warning:  require_once(C:\Apache24\htdocs\seramer2\controllers/../models/UserFiscModel.php): Failed to open stream: No such file or directory in C:\Apache24\htdocs\seramer2\controllers\AuthController.php on line 4
[28-Oct-2025 02:45:59 UTC] PHP Fatal error:  Uncaught Error: Failed opening required 'C:\Apache24\htdocs\seramer2\controllers/../models/UserFiscModel.php' (include_path='.;C:\php\pear') in C:\Apache24\htdocs\seramer2\controllers\AuthController.php:4
Stack trace:
#0 C:\Apache24\htdocs\seramer2\views\layouts\navigation.php(4): require_once()
#1 C:\Apache24\htdocs\seramer2\views\users-fisc\indexRoles.php(18): include('...')
#2 {main}
  thrown in C:\Apache24\htdocs\seramer2\controllers\AuthController.php on line 4
[28-Oct-2025 02:48:58 UTC] PHP Warning:  require_once(C:\Apache24\htdocs\seramer2\controllers/../models/UserFiscModel.php): Failed to open stream: No such file or directory in C:\Apache24\htdocs\seramer2\controllers\AuthController.php on line 4
[28-Oct-2025 02:48:58 UTC] PHP Fatal error:  Uncaught Error: Failed opening required 'C:\Apache24\htdocs\seramer2\controllers/../models/UserFiscModel.php' (include_path='.;C:\php\pear') in C:\Apache24\htdocs\seramer2\controllers\AuthController.php:4
Stack trace:
#0 C:\Apache24\htdocs\seramer2\views\layouts\navigation.php(4): require_once()
#1 C:\Apache24\htdocs\seramer2\views\users-fisc\indexRoles.php(18): include('...')
#2 {main}
  thrown in C:\Apache24\htdocs\seramer2\controllers\AuthController.php on line 4
[28-Oct-2025 02:50:15 UTC] PHP Parse error:  syntax error, unexpected token "exit", expecting "function" in C:\Apache24\htdocs\seramer2\models\UsersFiscModel.php on line 135
[28-Oct-2025 02:50:32 UTC] PHP Parse error:  syntax error, unexpected token "exit", expecting "function" in C:\Apache24\htdocs\seramer2\models\UsersFiscModel.php on line 135
[28-Oct-2025 02:50:33 UTC] PHP Parse error:  syntax error, unexpected token "exit", expecting "function" in C:\Apache24\htdocs\seramer2\models\UsersFiscModel.php on line 135
[28-Oct-2025 02:52:50 UTC] PHP Warning:  require_once(C:\Apache24\htdocs\seramer2\controllers/../models/UserFiscModel.php): Failed to open stream: No such file or directory in C:\Apache24\htdocs\seramer2\controllers\AuthController.php on line 4
[28-Oct-2025 02:52:50 UTC] PHP Fatal error:  Uncaught Error: Failed opening required 'C:\Apache24\htdocs\seramer2\controllers/../models/UserFiscModel.php' (include_path='.;C:\php\pear') in C:\Apache24\htdocs\seramer2\controllers\AuthController.php:4
Stack trace:
#0 C:\Apache24\htdocs\seramer2\views\layouts\navigation.php(4): require_once()
#1 C:\Apache24\htdocs\seramer2\views\users-fisc\indexRoles.php(18): include('...')
#2 {main}
  thrown in C:\Apache24\htdocs\seramer2\controllers\AuthController.php on line 4
